104.26.10.78 - - [17/Jul/2026:00:26:12 +0530] "GET /../../etc/passwd HTTP/1.1" 403 512 "-" "curl/8.0"
8.8.8.8 - - [17/Jul/2026:13:31:49 +0530] "GET /phpinfo.php HTTP/1.1" 200 512 "-" "python-requests/2.31"
1.1.1.1 - - [17/Jul/2026:13:18:19 +0530] "GET /index.html HTTP/1.1" 301 512 "-" "Mozilla/5.0"
185.199.108.153 - - [17/Jul/2026:10:13:56 +0530] "GET /../../etc/passwd HTTP/1.1" 403 512 "-" "curl/8.0"
1.1.1.1 - - [17/Jul/2026:12:09:14 +0530] "POST /blog HTTP/1.1" 200 512 "-" "Firefox/140.0"
1.1.1.1 - - [17/Jul/2026:19:45:24 +0530] "GET /index.html HTTP/1.1" 200 512 "-" "Firefox/140.0"
45.33.32.156 - - [17/Jul/2026:11:05:30 +0530] "GET /../../etc/passwd HTTP/1.1" 403 512 "-" "curl/8.0"
103.21.244.1 - - [17/Jul/2026:16:42:16 +0530] "GET /about HTTP/1.1" 200 512 "-" "Mozilla/5.0"
103.21.244.1 - - [17/Jul/2026:06:09:02 +0530] "GET /../../etc/passwd HTTP/1.1" 403 512 "-" "curl/8.0"
104.26.10.78 - - [17/Jul/2026:15:26:35 +0530] "GET /images/logo.png HTTP/1.1" 301 512 "-" "Firefox/140.0"
8.8.8.8 - - [17/Jul/2026:15:20:57 +0530] "GET /images/logo.png HTTP/1.1" 200 512 "-" "Firefox/140.0"
1.1.1.1 - - [17/Jul/2026:05:40:35 +0530] "GET /search?q=<script>alert(1)</script> HTTP/1.1" 200 512 "-" "Mozilla/5.0"
8.8.8.8 - - [17/Jul/2026:17:11:17 +0530] "POST /contact HTTP/1.1" 200 512 "-" "Chrome/138.0"
8.8.8.8 - - [17/Jul/2026:20:23:05 +0530] "GET /../../etc/passwd HTTP/1.1" 403 512 "-" "curl/8.0"
185.199.108.153 - - [17/Jul/2026:21:05:36 +0530] "GET /login HTTP/1.1" 401 512 "-" "Mozilla/5.0"
104.26.10.78 - - [17/Jul/2026:23:04:35 +0530] "GET /about HTTP/1.1" 200 512 "-" "Firefox/140.0"
45.33.32.156 - - [17/Jul/2026:13:04:32 +0530] "GET / HTTP/1.1" 200 512 "-" "Chrome/138.0"
151.101.1.69 - - [17/Jul/2026:10:32:56 +0530] "GET /index.html HTTP/1.1" 200 512 "-" "Firefox/140.0"
151.101.1.69 - - [17/Jul/2026:07:06:44 +0530] "GET /.env HTTP/1.1" 403 512 "-" "Nikto/2.5"
45.33.32.156 - - [17/Jul/2026:04:58:21 +0530] "GET /images/logo.png HTTP/1.1" 200 512 "-" "Mozilla/5.0"
185.199.108.153 - - [17/Jul/2026:05:43:35 +0530] "POST /contact HTTP/1.1" 301 512 "-" "Chrome/138.0"
185.199.108.153 - - [17/Jul/2026:15:52:57 +0530] "GET /search?q=<script>alert(1)</script> HTTP/1.1" 200 512 "-" "Firefox/140.0"
8.8.8.8 - - [17/Jul/2026:07:06:14 +0530] "GET /about HTTP/1.1" 301 512 "-" "Firefox/140.0"
8.8.8.8 - - [17/Jul/2026:03:23:41 +0530] "GET /robots.txt HTTP/1.1" 403 512 "-" "Nikto/2.5"
45.33.32.156 - - [17/Jul/2026:18:18:41 +0530] "GET /search?q=<script>alert(1)</script> HTTP/1.1" 200 512 "-" "Chrome/138.0"
8.8.8.8 - - [17/Jul/2026:21:53:19 +0530] "GET /sitemap.xml HTTP/1.1" 403 512 "-" "wget/1.21"
8.8.8.8 - - [17/Jul/2026:16:11:34 +0530] "GET /phpinfo.php HTTP/1.1" 404 512 "-" "Nikto/2.5"
45.33.32.156 - - [17/Jul/2026:16:07:35 +0530] "GET /search?q=<script>alert(1)</script> HTTP/1.1" 200 512 "-" "Chrome/138.0"
45.33.32.156 - - [17/Jul/2026:04:21:47 +0530] "POST /products HTTP/1.1" 200 512 "-" "Firefox/140.0"
185.199.108.153 - - [17/Jul/2026:12:36:01 +0530] "GET /../../etc/passwd HTTP/1.1" 403 512 "-" "curl/8.0"
104.26.10.78 - - [17/Jul/2026:13:31:37 +0530] "POST /images/logo.png HTTP/1.1" 200 512 "-" "Mozilla/5.0"
45.33.32.156 - - [17/Jul/2026:11:58:26 +0530] "GET /../../etc/passwd HTTP/1.1" 403 512 "-" "curl/8.0"
1.1.1.1 - - [17/Jul/2026:04:15:56 +0530] "GET /search?q=<script>alert(1)</script> HTTP/1.1" 200 512 "-" "Mozilla/5.0"
104.26.10.78 - - [17/Jul/2026:22:33:26 +0530] "GET /products HTTP/1.1" 200 512 "-" "Chrome/138.0"
1.1.1.1 - - [17/Jul/2026:16:43:27 +0530] "GET /images/logo.png HTTP/1.1" 301 512 "-" "Firefox/140.0"
151.101.1.69 - - [17/Jul/2026:21:39:05 +0530] "GET /.env HTTP/1.1" 200 512 "-" "wget/1.21"
8.8.8.8 - - [17/Jul/2026:07:27:25 +0530] "GET /index.html HTTP/1.1" 301 512 "-" "Chrome/138.0"
151.101.1.69 - - [17/Jul/2026:11:22:49 +0530] "GET /../../etc/passwd HTTP/1.1" 403 512 "-" "curl/8.0"
104.26.10.78 - - [17/Jul/2026:13:52:40 +0530] "GET /phpinfo.php HTTP/1.1" 404 512 "-" "wget/1.21"
1.1.1.1 - - [17/Jul/2026:19:15:11 +0530] "POST /about HTTP/1.1" 200 512 "-" "Mozilla/5.0"
151.101.1.69 - - [17/Jul/2026:00:25:24 +0530] "GET /../../etc/passwd HTTP/1.1" 403 512 "-" "curl/8.0"
104.26.10.78 - - [17/Jul/2026:04:01:26 +0530] "POST / HTTP/1.1" 200 512 "-" "Firefox/140.0"
1.1.1.1 - - [17/Jul/2026:12:28:41 +0530] "GET /images/logo.png HTTP/1.1" 200 512 "-" "Chrome/138.0"
185.199.108.153 - - [17/Jul/2026:16:02:33 +0530] "GET /../../etc/passwd HTTP/1.1" 403 512 "-" "curl/8.0"
8.8.8.8 - - [17/Jul/2026:05:31:22 +0530] "GET /search?q=<script>alert(1)</script> HTTP/1.1" 200 512 "-" "Firefox/140.0"
104.26.10.78 - - [17/Jul/2026:19:26:36 +0530] "GET /products HTTP/1.1" 200 512 "-" "Chrome/138.0"
103.21.244.1 - - [17/Jul/2026:09:27:57 +0530] "POST /blog HTTP/1.1" 301 512 "-" "Chrome/138.0"
1.1.1.1 - - [17/Jul/2026:22:59:56 +0530] "POST / HTTP/1.1" 200 512 "-" "Mozilla/5.0"
151.101.1.69 - - [17/Jul/2026:13:35:55 +0530] "POST /blog HTTP/1.1" 200 512 "-" "Firefox/140.0"
8.8.8.8 - - [17/Jul/2026:02:47:39 +0530] "GET /phpinfo.php HTTP/1.1" 200 512 "-" "curl/8.0"
45.33.32.156 - - [17/Jul/2026:13:18:00 +0530] "POST /index.html HTTP/1.1" 200 512 "-" "Firefox/140.0"
45.33.32.156 - - [17/Jul/2026:16:47:27 +0530] "GET /search?q=<script>alert(1)</script> HTTP/1.1" 200 512 "-" "Firefox/140.0"
151.101.1.69 - - [17/Jul/2026:19:52:58 +0530] "POST /blog HTTP/1.1" 200 512 "-" "Chrome/138.0"
103.21.244.1 - - [17/Jul/2026:08:17:10 +0530] "POST /images/logo.png HTTP/1.1" 200 512 "-" "Mozilla/5.0"
103.21.244.1 - - [17/Jul/2026:14:02:21 +0530] "GET /robots.txt HTTP/1.1" 404 512 "-" "python-requests/2.31"
151.101.1.69 - - [17/Jul/2026:03:30:44 +0530] "GET /search?q=<script>alert(1)</script> HTTP/1.1" 200 512 "-" "Firefox/140.0"
8.8.8.8 - - [17/Jul/2026:15:41:29 +0530] "POST /blog HTTP/1.1" 200 512 "-" "Firefox/140.0"
104.26.10.78 - - [17/Jul/2026:02:37:59 +0530] "POST /images/logo.png HTTP/1.1" 200 512 "-" "Mozilla/5.0"
151.101.1.69 - - [17/Jul/2026:10:02:57 +0530] "GET /../../etc/passwd HTTP/1.1" 403 512 "-" "curl/8.0"
1.1.1.1 - - [17/Jul/2026:02:26:58 +0530] "GET /sitemap.xml HTTP/1.1" 200 512 "-" "curl/8.0"
1.1.1.1 - - [17/Jul/2026:00:47:22 +0530] "GET /search?q=<script>alert(1)</script> HTTP/1.1" 200 512 "-" "Mozilla/5.0"
8.8.8.8 - - [17/Jul/2026:06:19:26 +0530] "GET /index.html HTTP/1.1" 200 512 "-" "Mozilla/5.0"
185.199.108.153 - - [17/Jul/2026:19:45:12 +0530] "GET /../../etc/passwd HTTP/1.1" 403 512 "-" "curl/8.0"
45.33.32.156 - - [17/Jul/2026:17:14:23 +0530] "GET /search?q=<script>alert(1)</script> HTTP/1.1" 200 512 "-" "Mozilla/5.0"
151.101.1.69 - - [17/Jul/2026:18:39:28 +0530] "POST /images/logo.png HTTP/1.1" 200 512 "-" "Chrome/138.0"
8.8.8.8 - - [17/Jul/2026:13:58:18 +0530] "POST / HTTP/1.1" 200 512 "-" "Firefox/140.0"
151.101.1.69 - - [17/Jul/2026:21:42:19 +0530] "GET /search?q=<script>alert(1)</script> HTTP/1.1" 200 512 "-" "Mozilla/5.0"
8.8.8.8 - - [17/Jul/2026:11:46:42 +0530] "GET /sitemap.xml HTTP/1.1" 200 512 "-" "Nikto/2.5"
185.199.108.153 - - [17/Jul/2026:08:59:35 +0530] "GET /search?q=<script>alert(1)</script> HTTP/1.1" 200 512 "-" "Mozilla/5.0"
104.26.10.78 - - [17/Jul/2026:10:17:37 +0530] "GET / HTTP/1.1" 200 512 "-" "Firefox/140.0"
8.8.8.8 - - [17/Jul/2026:22:48:09 +0530] "GET /../../etc/passwd HTTP/1.1" 403 512 "-" "curl/8.0"
8.8.8.8 - - [17/Jul/2026:15:41:46 +0530] "GET /search?q=<script>alert(1)</script> HTTP/1.1" 200 512 "-" "Mozilla/5.0"
45.33.32.156 - - [17/Jul/2026:01:23:58 +0530] "POST /contact HTTP/1.1" 200 512 "-" "Mozilla/5.0"
45.33.32.156 - - [17/Jul/2026:06:25:10 +0530] "POST /products HTTP/1.1" 200 512 "-" "Firefox/140.0"
103.21.244.1 - - [17/Jul/2026:13:19:43 +0530] "POST /index.html HTTP/1.1" 200 512 "-" "Mozilla/5.0"
151.101.1.69 - - [17/Jul/2026:03:43:50 +0530] "POST /blog HTTP/1.1" 200 512 "-" "Firefox/140.0"
151.101.1.69 - - [17/Jul/2026:05:19:12 +0530] "GET /search?q=<script>alert(1)</script> HTTP/1.1" 200 512 "-" "Chrome/138.0"
45.33.32.156 - - [17/Jul/2026:17:53:41 +0530] "GET /search?q=<script>alert(1)</script> HTTP/1.1" 200 512 "-" "Mozilla/5.0"
8.8.8.8 - - [17/Jul/2026:01:16:14 +0530] "GET /login HTTP/1.1" 401 512 "-" "Mozilla/5.0"
103.21.244.1 - - [17/Jul/2026:08:55:56 +0530] "GET /../../etc/passwd HTTP/1.1" 403 512 "-" "curl/8.0"
8.8.8.8 - - [17/Jul/2026:02:31:55 +0530] "GET /contact HTTP/1.1" 301 512 "-" "Firefox/140.0"
151.101.1.69 - - [17/Jul/2026:12:20:30 +0530] "GET /login HTTP/1.1" 401 512 "-" "Mozilla/5.0"
103.21.244.1 - - [17/Jul/2026:09:21:28 +0530] "POST / HTTP/1.1" 301 512 "-" "Mozilla/5.0"
103.21.244.1 - - [17/Jul/2026:20:05:37 +0530] "GET /config.php HTTP/1.1" 403 512 "-" "wget/1.21"
185.199.108.153 - - [17/Jul/2026:15:22:48 +0530] "GET /../../etc/passwd HTTP/1.1" 403 512 "-" "curl/8.0"
151.101.1.69 - - [17/Jul/2026:14:11:28 +0530] "GET /sitemap.xml HTTP/1.1" 200 512 "-" "curl/8.0"
45.33.32.156 - - [17/Jul/2026:05:00:13 +0530] "GET /images/logo.png HTTP/1.1" 200 512 "-" "Mozilla/5.0"
185.199.108.153 - - [17/Jul/2026:02:02:30 +0530] "POST /products HTTP/1.1" 200 512 "-" "Firefox/140.0"
103.21.244.1 - - [17/Jul/2026:04:09:07 +0530] "POST / HTTP/1.1" 301 512 "-" "Mozilla/5.0"
185.199.108.153 - - [17/Jul/2026:15:40:17 +0530] "GET /login HTTP/1.1" 401 512 "-" "Mozilla/5.0"
151.101.1.69 - - [17/Jul/2026:15:18:47 +0530] "GET /../../etc/passwd HTTP/1.1" 403 512 "-" "curl/8.0"
151.101.1.69 - - [17/Jul/2026:19:19:37 +0530] "POST /about HTTP/1.1" 301 512 "-" "Firefox/140.0"
1.1.1.1 - - [17/Jul/2026:15:43:05 +0530] "POST / HTTP/1.1" 200 512 "-" "Chrome/138.0"
104.26.10.78 - - [17/Jul/2026:04:10:36 +0530] "GET / HTTP/1.1" 301 512 "-" "Mozilla/5.0"
45.33.32.156 - - [17/Jul/2026:17:57:27 +0530] "GET /../../etc/passwd HTTP/1.1" 403 512 "-" "curl/8.0"
151.101.1.69 - - [17/Jul/2026:19:59:10 +0530] "POST /index.html HTTP/1.1" 301 512 "-" "Chrome/138.0"
103.21.244.1 - - [17/Jul/2026:02:58:13 +0530] "GET /about HTTP/1.1" 200 512 "-" "Mozilla/5.0"
8.8.8.8 - - [17/Jul/2026:02:47:41 +0530] "GET /../../etc/passwd HTTP/1.1" 403 512 "-" "curl/8.0"
45.33.32.156 - - [17/Jul/2026:22:05:43 +0530] "GET /search?q=<script>alert(1)</script> HTTP/1.1" 200 512 "-" "Firefox/140.0"
104.26.10.78 - - [17/Jul/2026:13:26:37 +0530] "GET /../../etc/passwd HTTP/1.1" 403 512 "-" "curl/8.0"
1.1.1.1 - - [17/Jul/2026:11:00:23 +0530] "POST /about HTTP/1.1" 200 512 "-" "Mozilla/5.0"
151.101.1.69 - - [17/Jul/2026:19:58:43 +0530] "GET /search?q=<script>alert(1)</script> HTTP/1.1" 200 512 "-" "Chrome/138.0"
185.199.108.153 - - [17/Jul/2026:02:41:27 +0530] "POST /about HTTP/1.1" 301 512 "-" "Mozilla/5.0"
185.199.108.153 - - [17/Jul/2026:23:24:44 +0530] "GET /search?q=<script>alert(1)</script> HTTP/1.1" 200 512 "-" "Firefox/140.0"
8.8.8.8 - - [17/Jul/2026:12:34:34 +0530] "GET /contact HTTP/1.1" 200 512 "-" "Mozilla/5.0"
151.101.1.69 - - [17/Jul/2026:09:03:30 +0530] "GET /phpinfo.php HTTP/1.1" 404 512 "-" "wget/1.21"
45.33.32.156 - - [17/Jul/2026:05:01:50 +0530] "GET /../../etc/passwd HTTP/1.1" 403 512 "-" "curl/8.0"
45.33.32.156 - - [17/Jul/2026:10:32:31 +0530] "POST /blog HTTP/1.1" 200 512 "-" "Mozilla/5.0"
185.199.108.153 - - [17/Jul/2026:18:38:22 +0530] "GET /search?q=<script>alert(1)</script> HTTP/1.1" 200 512 "-" "Chrome/138.0"
103.21.244.1 - - [17/Jul/2026:05:14:38 +0530] "GET / HTTP/1.1" 200 512 "-" "Mozilla/5.0"
8.8.8.8 - - [17/Jul/2026:16:48:53 +0530] "GET /search?q=<script>alert(1)</script> HTTP/1.1" 200 512 "-" "Firefox/140.0"
151.101.1.69 - - [17/Jul/2026:11:38:07 +0530] "POST /contact HTTP/1.1" 301 512 "-" "Chrome/138.0"
151.101.1.69 - - [17/Jul/2026:07:54:50 +0530] "POST /products HTTP/1.1" 200 512 "-" "Mozilla/5.0"
185.199.108.153 - - [17/Jul/2026:14:02:08 +0530] "GET /login HTTP/1.1" 401 512 "-" "Mozilla/5.0"
104.26.10.78 - - [17/Jul/2026:20:33:24 +0530] "GET /search?q=<script>alert(1)</script> HTTP/1.1" 200 512 "-" "Mozilla/5.0"
45.33.32.156 - - [17/Jul/2026:23:41:19 +0530] "GET /search?q=<script>alert(1)</script> HTTP/1.1" 200 512 "-" "Chrome/138.0"
8.8.8.8 - - [17/Jul/2026:22:56:39 +0530] "GET /images/logo.png HTTP/1.1" 200 512 "-" "Mozilla/5.0"
104.26.10.78 - - [17/Jul/2026:11:32:17 +0530] "GET /../../etc/passwd HTTP/1.1" 403 512 "-" "curl/8.0"
45.33.32.156 - - [17/Jul/2026:18:39:05 +0530] "GET /contact HTTP/1.1" 200 512 "-" "Firefox/140.0"
45.33.32.156 - - [17/Jul/2026:10:08:31 +0530] "GET /../../etc/passwd HTTP/1.1" 403 512 "-" "curl/8.0"
1.1.1.1 - - [17/Jul/2026:11:39:21 +0530] "POST /blog HTTP/1.1" 200 512 "-" "Firefox/140.0"
1.1.1.1 - - [17/Jul/2026:19:17:53 +0530] "GET /../../etc/passwd HTTP/1.1" 403 512 "-" "curl/8.0"
1.1.1.1 - - [17/Jul/2026:14:49:48 +0530] "GET /../../etc/passwd HTTP/1.1" 403 512 "-" "curl/8.0"
185.199.108.153 - - [17/Jul/2026:08:58:31 +0530] "GET /../../etc/passwd HTTP/1.1" 403 512 "-" "curl/8.0"
151.101.1.69 - - [17/Jul/2026:13:05:30 +0530] "GET /login HTTP/1.1" 401 512 "-" "Mozilla/5.0"
104.26.10.78 - - [17/Jul/2026:10:32:06 +0530] "GET /login HTTP/1.1" 401 512 "-" "Mozilla/5.0"
1.1.1.1 - - [17/Jul/2026:15:34:35 +0530] "GET /search?q=<script>alert(1)</script> HTTP/1.1" 200 512 "-" "Firefox/140.0"
1.1.1.1 - - [17/Jul/2026:06:08:59 +0530] "POST / HTTP/1.1" 301 512 "-" "Mozilla/5.0"
185.199.108.153 - - [17/Jul/2026:01:41:28 +0530] "POST /blog HTTP/1.1" 301 512 "-" "Chrome/138.0"
151.101.1.69 - - [17/Jul/2026:22:42:34 +0530] "POST /images/logo.png HTTP/1.1" 200 512 "-" "Firefox/140.0"
8.8.8.8 - - [17/Jul/2026:04:32:47 +0530] "POST /about HTTP/1.1" 301 512 "-" "Mozilla/5.0"
45.33.32.156 - - [17/Jul/2026:20:32:24 +0530] "GET /contact HTTP/1.1" 301 512 "-" "Mozilla/5.0"
1.1.1.1 - - [17/Jul/2026:09:11:41 +0530] "GET /../../etc/passwd HTTP/1.1" 403 512 "-" "curl/8.0"
185.199.108.153 - - [17/Jul/2026:00:36:49 +0530] "GET /products HTTP/1.1" 200 512 "-" "Firefox/140.0"
1.1.1.1 - - [17/Jul/2026:13:58:35 +0530] "GET /config.php HTTP/1.1" 200 512 "-" "curl/8.0"
45.33.32.156 - - [17/Jul/2026:08:22:09 +0530] "POST /blog HTTP/1.1" 200 512 "-" "Chrome/138.0"
104.26.10.78 - - [17/Jul/2026:05:54:17 +0530] "GET /sitemap.xml HTTP/1.1" 404 512 "-" "python-requests/2.31"
1.1.1.1 - - [17/Jul/2026:20:17:01 +0530] "GET /products HTTP/1.1" 200 512 "-" "Firefox/140.0"
1.1.1.1 - - [17/Jul/2026:19:06:58 +0530] "GET /../../etc/passwd HTTP/1.1" 403 512 "-" "curl/8.0"
45.33.32.156 - - [17/Jul/2026:02:47:04 +0530] "GET /../../etc/passwd HTTP/1.1" 403 512 "-" "curl/8.0"
8.8.8.8 - - [17/Jul/2026:21:46:05 +0530] "GET /../../etc/passwd HTTP/1.1" 403 512 "-" "curl/8.0"
104.26.10.78 - - [17/Jul/2026:08:14:33 +0530] "GET /blog HTTP/1.1" 200 512 "-" "Mozilla/5.0"
103.21.244.1 - - [17/Jul/2026:06:42:23 +0530] "GET /about HTTP/1.1" 200 512 "-" "Chrome/138.0"
151.101.1.69 - - [17/Jul/2026:06:19:55 +0530] "POST /blog HTTP/1.1" 200 512 "-" "Chrome/138.0"
45.33.32.156 - - [17/Jul/2026:09:09:14 +0530] "GET /images/logo.png HTTP/1.1" 200 512 "-" "Mozilla/5.0"
104.26.10.78 - - [17/Jul/2026:08:20:18 +0530] "GET /.env HTTP/1.1" 200 512 "-" "wget/1.21"
151.101.1.69 - - [17/Jul/2026:20:25:26 +0530] "POST /about HTTP/1.1" 301 512 "-" "Chrome/138.0"
103.21.244.1 - - [17/Jul/2026:01:24:47 +0530] "GET /../../etc/passwd HTTP/1.1" 403 512 "-" "curl/8.0"
151.101.1.69 - - [17/Jul/2026:04:05:57 +0530] "GET /../../etc/passwd HTTP/1.1" 403 512 "-" "curl/8.0"
45.33.32.156 - - [17/Jul/2026:17:46:31 +0530] "POST /blog HTTP/1.1" 200 512 "-" "Firefox/140.0"
1.1.1.1 - - [17/Jul/2026:18:14:09 +0530] "GET /contact HTTP/1.1" 200 512 "-" "Chrome/138.0"
104.26.10.78 - - [17/Jul/2026:21:21:58 +0530] "GET /images/logo.png HTTP/1.1" 200 512 "-" "Chrome/138.0"
103.21.244.1 - - [17/Jul/2026:22:33:21 +0530] "GET /config.php HTTP/1.1" 403 512 "-" "curl/8.0"
185.199.108.153 - - [17/Jul/2026:23:35:53 +0530] "POST / HTTP/1.1" 200 512 "-" "Firefox/140.0"
8.8.8.8 - - [17/Jul/2026:08:32:53 +0530] "GET /../../etc/passwd HTTP/1.1" 403 512 "-" "curl/8.0"
8.8.8.8 - - [17/Jul/2026:07:54:54 +0530] "GET /search?q=<script>alert(1)</script> HTTP/1.1" 200 512 "-" "Firefox/140.0"
45.33.32.156 - - [17/Jul/2026:12:15:05 +0530] "GET / HTTP/1.1" 200 512 "-" "Chrome/138.0"
151.101.1.69 - - [17/Jul/2026:06:02:29 +0530] "GET /.env HTTP/1.1" 403 512 "-" "Nikto/2.5"
1.1.1.1 - - [17/Jul/2026:08:32:56 +0530] "GET /search?q=<script>alert(1)</script> HTTP/1.1" 200 512 "-" "Mozilla/5.0"
103.21.244.1 - - [17/Jul/2026:10:51:17 +0530] "GET /contact HTTP/1.1" 200 512 "-" "Chrome/138.0"
8.8.8.8 - - [17/Jul/2026:05:40:34 +0530] "POST /blog HTTP/1.1" 200 512 "-" "Firefox/140.0"
103.21.244.1 - - [17/Jul/2026:03:36:53 +0530] "POST /products HTTP/1.1" 200 512 "-" "Firefox/140.0"
151.101.1.69 - - [17/Jul/2026:19:36:01 +0530] "POST /about HTTP/1.1" 200 512 "-" "Firefox/140.0"
8.8.8.8 - - [17/Jul/2026:06:21:03 +0530] "POST /blog HTTP/1.1" 200 512 "-" "Firefox/140.0"
8.8.8.8 - - [17/Jul/2026:18:53:39 +0530] "GET /search?q=<script>alert(1)</script> HTTP/1.1" 200 512 "-" "Firefox/140.0"
1.1.1.1 - - [17/Jul/2026:23:28:23 +0530] "GET /login HTTP/1.1" 401 512 "-" "Mozilla/5.0"
185.199.108.153 - - [17/Jul/2026:12:20:11 +0530] "GET /../../etc/passwd HTTP/1.1" 403 512 "-" "curl/8.0"
185.199.108.153 - - [17/Jul/2026:21:42:33 +0530] "POST /about HTTP/1.1" 200 512 "-" "Mozilla/5.0"
104.26.10.78 - - [17/Jul/2026:18:40:22 +0530] "GET /search?q=<script>alert(1)</script> HTTP/1.1" 200 512 "-" "Mozilla/5.0"
151.101.1.69 - - [17/Jul/2026:07:46:50 +0530] "GET /images/logo.png HTTP/1.1" 301 512 "-" "Mozilla/5.0"
8.8.8.8 - - [17/Jul/2026:16:20:57 +0530] "GET /search?q=<script>alert(1)</script> HTTP/1.1" 200 512 "-" "Firefox/140.0"
45.33.32.156 - - [17/Jul/2026:21:24:45 +0530] "GET /../../etc/passwd HTTP/1.1" 403 512 "-" "curl/8.0"
45.33.32.156 - - [17/Jul/2026:17:20:39 +0530] "GET /../../etc/passwd HTTP/1.1" 403 512 "-" "curl/8.0"
8.8.8.8 - - [17/Jul/2026:14:26:57 +0530] "GET /search?q=<script>alert(1)</script> HTTP/1.1" 200 512 "-" "Chrome/138.0"
104.26.10.78 - - [17/Jul/2026:13:38:35 +0530] "POST /index.html HTTP/1.1" 200 512 "-" "Mozilla/5.0"
151.101.1.69 - - [17/Jul/2026:22:15:11 +0530] "GET /search?q=<script>alert(1)</script> HTTP/1.1" 200 512 "-" "Chrome/138.0"
185.199.108.153 - - [17/Jul/2026:12:28:05 +0530] "GET /../../etc/passwd HTTP/1.1" 403 512 "-" "curl/8.0"
1.1.1.1 - - [17/Jul/2026:15:11:43 +0530] "GET /index.html HTTP/1.1" 301 512 "-" "Chrome/138.0"
151.101.1.69 - - [17/Jul/2026:13:03:47 +0530] "GET /sitemap.xml HTTP/1.1" 403 512 "-" "curl/8.0"
185.199.108.153 - - [17/Jul/2026:23:51:48 +0530] "GET /search?q=<script>alert(1)</script> HTTP/1.1" 200 512 "-" "Chrome/138.0"
185.199.108.153 - - [17/Jul/2026:21:25:24 +0530] "POST /contact HTTP/1.1" 200 512 "-" "Mozilla/5.0"
45.33.32.156 - - [17/Jul/2026:15:25:56 +0530] "POST /images/logo.png HTTP/1.1" 200 512 "-" "Firefox/140.0"
1.1.1.1 - - [17/Jul/2026:13:43:34 +0530] "GET /about HTTP/1.1" 200 512 "-" "Chrome/138.0"
103.21.244.1 - - [17/Jul/2026:22:59:00 +0530] "GET /robots.txt HTTP/1.1" 404 512 "-" "python-requests/2.31"
1.1.1.1 - - [17/Jul/2026:10:22:01 +0530] "POST /images/logo.png HTTP/1.1" 301 512 "-" "Firefox/140.0"
8.8.8.8 - - [17/Jul/2026:02:16:27 +0530] "GET /search?q=<script>alert(1)</script> HTTP/1.1" 200 512 "-" "Chrome/138.0"
104.26.10.78 - - [17/Jul/2026:08:04:44 +0530] "GET /login HTTP/1.1" 401 512 "-" "Mozilla/5.0"
104.26.10.78 - - [17/Jul/2026:21:17:52 +0530] "POST /blog HTTP/1.1" 200 512 "-" "Mozilla/5.0"
1.1.1.1 - - [17/Jul/2026:20:08:39 +0530] "POST /blog HTTP/1.1" 200 512 "-" "Chrome/138.0"
104.26.10.78 - - [17/Jul/2026:03:26:39 +0530] "GET /../../etc/passwd HTTP/1.1" 403 512 "-" "curl/8.0"
8.8.8.8 - - [17/Jul/2026:19:46:07 +0530] "POST /about HTTP/1.1" 200 512 "-" "Firefox/140.0"
151.101.1.69 - - [17/Jul/2026:05:00:08 +0530] "POST /contact HTTP/1.1" 200 512 "-" "Mozilla/5.0"
1.1.1.1 - - [17/Jul/2026:12:08:56 +0530] "GET /search?q=<script>alert(1)</script> HTTP/1.1" 200 512 "-" "Mozilla/5.0"
104.26.10.78 - - [17/Jul/2026:23:58:52 +0530] "POST /images/logo.png HTTP/1.1" 301 512 "-" "Mozilla/5.0"
45.33.32.156 - - [17/Jul/2026:11:16:55 +0530] "GET /search?q=<script>alert(1)</script> HTTP/1.1" 200 512 "-" "Firefox/140.0"
151.101.1.69 - - [17/Jul/2026:03:55:34 +0530] "POST /products HTTP/1.1" 301 512 "-" "Chrome/138.0"
151.101.1.69 - - [17/Jul/2026:05:39:05 +0530] "GET /sitemap.xml HTTP/1.1" 200 512 "-" "python-requests/2.31"
103.21.244.1 - - [17/Jul/2026:12:08:09 +0530] "GET / HTTP/1.1" 301 512 "-" "Mozilla/5.0"
45.33.32.156 - - [17/Jul/2026:11:06:04 +0530] "GET /search?q=<script>alert(1)</script> HTTP/1.1" 200 512 "-" "Mozilla/5.0"
151.101.1.69 - - [17/Jul/2026:12:22:26 +0530] "POST /index.html HTTP/1.1" 200 512 "-" "Mozilla/5.0"
185.199.108.153 - - [17/Jul/2026:04:30:11 +0530] "POST /images/logo.png HTTP/1.1" 301 512 "-" "Mozilla/5.0"
151.101.1.69 - - [17/Jul/2026:14:19:21 +0530] "GET /config.php HTTP/1.1" 403 512 "-" "Nikto/2.5"
104.26.10.78 - - [17/Jul/2026:00:40:58 +0530] "GET /../../etc/passwd HTTP/1.1" 403 512 "-" "curl/8.0"
8.8.8.8 - - [17/Jul/2026:12:54:55 +0530] "POST /images/logo.png HTTP/1.1" 200 512 "-" "Firefox/140.0"
104.26.10.78 - - [17/Jul/2026:02:18:08 +0530] "GET /products HTTP/1.1" 200 512 "-" "Mozilla/5.0"
1.1.1.1 - - [17/Jul/2026:08:48:33 +0530] "GET /contact HTTP/1.1" 301 512 "-" "Chrome/138.0"
151.101.1.69 - - [17/Jul/2026:23:06:42 +0530] "GET /blog HTTP/1.1" 301 512 "-" "Mozilla/5.0"
45.33.32.156 - - [17/Jul/2026:23:57:10 +0530] "GET /index.html HTTP/1.1" 200 512 "-" "Mozilla/5.0"
104.26.10.78 - - [17/Jul/2026:19:59:45 +0530] "POST /about HTTP/1.1" 200 512 "-" "Mozilla/5.0"
45.33.32.156 - - [17/Jul/2026:12:19:38 +0530] "POST /products HTTP/1.1" 301 512 "-" "Firefox/140.0"
8.8.8.8 - - [17/Jul/2026:06:41:57 +0530] "GET /login HTTP/1.1" 401 512 "-" "Mozilla/5.0"
185.199.108.153 - - [17/Jul/2026:05:46:44 +0530] "GET /contact HTTP/1.1" 200 512 "-" "Mozilla/5.0"
8.8.8.8 - - [17/Jul/2026:22:34:51 +0530] "GET /products HTTP/1.1" 200 512 "-" "Mozilla/5.0"
185.199.108.153 - - [17/Jul/2026:22:01:53 +0530] "GET /contact HTTP/1.1" 200 512 "-" "Firefox/140.0"
103.21.244.1 - - [17/Jul/2026:08:30:16 +0530] "GET /search?q=<script>alert(1)</script> HTTP/1.1" 200 512 "-" "Mozilla/5.0"
104.26.10.78 - - [17/Jul/2026:05:00:30 +0530] "POST /index.html HTTP/1.1" 200 512 "-" "Mozilla/5.0"
45.33.32.156 - - [17/Jul/2026:04:20:57 +0530] "POST /index.html HTTP/1.1" 200 512 "-" "Mozilla/5.0"
185.199.108.153 - - [17/Jul/2026:01:02:37 +0530] "POST /contact HTTP/1.1" 301 512 "-" "Chrome/138.0"
151.101.1.69 - - [17/Jul/2026:12:11:01 +0530] "GET /.env HTTP/1.1" 404 512 "-" "Nikto/2.5"
103.21.244.1 - - [17/Jul/2026:01:59:34 +0530] "GET /search?q=<script>alert(1)</script> HTTP/1.1" 200 512 "-" "Chrome/138.0"
185.199.108.153 - - [17/Jul/2026:14:47:53 +0530] "GET /../../etc/passwd HTTP/1.1" 403 512 "-" "curl/8.0"
1.1.1.1 - - [17/Jul/2026:19:28:09 +0530] "POST / HTTP/1.1" 200 512 "-" "Mozilla/5.0"
1.1.1.1 - - [17/Jul/2026:06:24:01 +0530] "GET /robots.txt HTTP/1.1" 404 512 "-" "wget/1.21"
1.1.1.1 - - [17/Jul/2026:05:02:50 +0530] "POST /about HTTP/1.1" 200 512 "-" "Firefox/140.0"
151.101.1.69 - - [17/Jul/2026:13:58:08 +0530] "GET /phpinfo.php HTTP/1.1" 200 512 "-" "python-requests/2.31"
185.199.108.153 - - [17/Jul/2026:01:59:16 +0530] "GET /../../etc/passwd HTTP/1.1" 403 512 "-" "curl/8.0"
45.33.32.156 - - [17/Jul/2026:10:07:03 +0530] "GET /robots.txt HTTP/1.1" 200 512 "-" "Nikto/2.5"
104.26.10.78 - - [17/Jul/2026:04:40:02 +0530] "GET /sitemap.xml HTTP/1.1" 404 512 "-" "python-requests/2.31"
103.21.244.1 - - [17/Jul/2026:05:26:29 +0530] "GET /products HTTP/1.1" 301 512 "-" "Firefox/140.0"
1.1.1.1 - - [17/Jul/2026:18:45:53 +0530] "GET /.env HTTP/1.1" 200 512 "-" "python-requests/2.31"
1.1.1.1 - - [17/Jul/2026:06:34:22 +0530] "GET /search?q=<script>alert(1)</script> HTTP/1.1" 200 512 "-" "Firefox/140.0"
104.26.10.78 - - [17/Jul/2026:23:30:28 +0530] "GET /about HTTP/1.1" 301 512 "-" "Chrome/138.0"
103.21.244.1 - - [17/Jul/2026:09:36:44 +0530] "GET /search?q=<script>alert(1)</script> HTTP/1.1" 200 512 "-" "Mozilla/5.0"
103.21.244.1 - - [17/Jul/2026:02:56:57 +0530] "GET /products HTTP/1.1" 200 512 "-" "Mozilla/5.0"
151.101.1.69 - - [17/Jul/2026:04:14:45 +0530] "GET /search?q=<script>alert(1)</script> HTTP/1.1" 200 512 "-" "Mozilla/5.0"
103.21.244.1 - - [17/Jul/2026:06:58:57 +0530] "GET /index.html HTTP/1.1" 200 512 "-" "Chrome/138.0"
104.26.10.78 - - [17/Jul/2026:22:12:59 +0530] "POST /products HTTP/1.1" 200 512 "-" "Chrome/138.0"
104.26.10.78 - - [17/Jul/2026:17:09:49 +0530] "GET /../../etc/passwd HTTP/1.1" 403 512 "-" "curl/8.0"
1.1.1.1 - - [17/Jul/2026:18:32:14 +0530] "GET /about HTTP/1.1" 200 512 "-" "Firefox/140.0"
45.33.32.156 - - [17/Jul/2026:07:29:47 +0530] "GET /contact HTTP/1.1" 200 512 "-" "Firefox/140.0"
103.21.244.1 - - [17/Jul/2026:23:15:29 +0530] "POST /index.html HTTP/1.1" 200 512 "-" "Chrome/138.0"
1.1.1.1 - - [17/Jul/2026:12:36:00 +0530] "GET /about HTTP/1.1" 301 512 "-" "Firefox/140.0"
151.101.1.69 - - [17/Jul/2026:00:08:53 +0530] "GET /index.html HTTP/1.1" 200 512 "-" "Chrome/138.0"
8.8.8.8 - - [17/Jul/2026:03:22:46 +0530] "POST /products HTTP/1.1" 200 512 "-" "Mozilla/5.0"
1.1.1.1 - - [17/Jul/2026:13:30:00 +0530] "GET /sitemap.xml HTTP/1.1" 403 512 "-" "curl/8.0"
8.8.8.8 - - [17/Jul/2026:09:38:04 +0530] "GET /search?q=<script>alert(1)</script> HTTP/1.1" 200 512 "-" "Mozilla/5.0"
8.8.8.8 - - [17/Jul/2026:21:56:22 +0530] "POST / HTTP/1.1" 200 512 "-" "Firefox/140.0"
8.8.8.8 - - [17/Jul/2026:00:41:23 +0530] "GET / HTTP/1.1" 301 512 "-" "Chrome/138.0"
1.1.1.1 - - [17/Jul/2026:15:59:23 +0530] "POST /products HTTP/1.1" 200 512 "-" "Firefox/140.0"
104.26.10.78 - - [17/Jul/2026:05:43:43 +0530] "GET /../../etc/passwd HTTP/1.1" 403 512 "-" "curl/8.0"
185.199.108.153 - - [17/Jul/2026:01:37:17 +0530] "GET /index.html HTTP/1.1" 301 512 "-" "Firefox/140.0"
151.101.1.69 - - [17/Jul/2026:10:12:21 +0530] "GET /images/logo.png HTTP/1.1" 200 512 "-" "Chrome/138.0"
104.26.10.78 - - [17/Jul/2026:18:04:28 +0530] "GET /contact HTTP/1.1" 200 512 "-" "Chrome/138.0"
185.199.108.153 - - [17/Jul/2026:13:45:24 +0530] "GET /blog HTTP/1.1" 200 512 "-" "Firefox/140.0"
8.8.8.8 - - [17/Jul/2026:21:05:02 +0530] "GET /images/logo.png HTTP/1.1" 301 512 "-" "Chrome/138.0"
103.21.244.1 - - [17/Jul/2026:14:35:48 +0530] "GET /config.php HTTP/1.1" 200 512 "-" "curl/8.0"
45.33.32.156 - - [17/Jul/2026:19:24:00 +0530] "GET /login HTTP/1.1" 401 512 "-" "Mozilla/5.0"
103.21.244.1 - - [17/Jul/2026:04:07:59 +0530] "GET / HTTP/1.1" 301 512 "-" "Chrome/138.0"
104.26.10.78 - - [17/Jul/2026:13:35:27 +0530] "GET /index.html HTTP/1.1" 200 512 "-" "Chrome/138.0"
151.101.1.69 - - [17/Jul/2026:15:46:10 +0530] "GET /index.html HTTP/1.1" 200 512 "-" "Chrome/138.0"
8.8.8.8 - - [17/Jul/2026:22:26:56 +0530] "GET /index.html HTTP/1.1" 200 512 "-" "Firefox/140.0"
8.8.8.8 - - [17/Jul/2026:23:01:59 +0530] "POST /contact HTTP/1.1" 200 512 "-" "Chrome/138.0"
185.199.108.153 - - [17/Jul/2026:04:50:47 +0530] "GET /blog HTTP/1.1" 200 512 "-" "Chrome/138.0"
185.199.108.153 - - [17/Jul/2026:11:18:09 +0530] "GET /contact HTTP/1.1" 200 512 "-" "Mozilla/5.0"
104.26.10.78 - - [17/Jul/2026:22:33:21 +0530] "GET /search?q=<script>alert(1)</script> HTTP/1.1" 200 512 "-" "Chrome/138.0"
151.101.1.69 - - [17/Jul/2026:16:46:21 +0530] "POST /images/logo.png HTTP/1.1" 200 512 "-" "Chrome/138.0"
103.21.244.1 - - [17/Jul/2026:11:17:07 +0530] "GET / HTTP/1.1" 200 512 "-" "Firefox/140.0"
104.26.10.78 - - [17/Jul/2026:22:05:51 +0530] "POST /blog HTTP/1.1" 200 512 "-" "Chrome/138.0"
45.33.32.156 - - [17/Jul/2026:21:57:17 +0530] "POST /index.html HTTP/1.1" 200 512 "-" "Chrome/138.0"
45.33.32.156 - - [17/Jul/2026:09:55:24 +0530] "GET /search?q=<script>alert(1)</script> HTTP/1.1" 200 512 "-" "Mozilla/5.0"
8.8.8.8 - - [17/Jul/2026:15:12:25 +0530] "GET /login HTTP/1.1" 401 512 "-" "Mozilla/5.0"
104.26.10.78 - - [17/Jul/2026:02:48:23 +0530] "GET /../../etc/passwd HTTP/1.1" 403 512 "-" "curl/8.0"
104.26.10.78 - - [17/Jul/2026:04:01:29 +0530] "GET /../../etc/passwd HTTP/1.1" 403 512 "-" "curl/8.0"
151.101.1.69 - - [17/Jul/2026:01:38:37 +0530] "GET /images/logo.png HTTP/1.1" 200 512 "-" "Chrome/138.0"
185.199.108.153 - - [17/Jul/2026:13:06:21 +0530] "GET /products HTTP/1.1" 301 512 "-" "Mozilla/5.0"
104.26.10.78 - - [17/Jul/2026:08:37:04 +0530] "GET /config.php HTTP/1.1" 404 512 "-" "Nikto/2.5"
185.199.108.153 - - [17/Jul/2026:07:18:02 +0530] "POST /blog HTTP/1.1" 200 512 "-" "Chrome/138.0"
103.21.244.1 - - [17/Jul/2026:00:06:29 +0530] "GET /../../etc/passwd HTTP/1.1" 403 512 "-" "curl/8.0"
8.8.8.8 - - [17/Jul/2026:17:25:17 +0530] "POST /index.html HTTP/1.1" 301 512 "-" "Chrome/138.0"
8.8.8.8 - - [17/Jul/2026:07:29:46 +0530] "GET /contact HTTP/1.1" 301 512 "-" "Firefox/140.0"
45.33.32.156 - - [17/Jul/2026:19:34:29 +0530] "POST / HTTP/1.1" 200 512 "-" "Mozilla/5.0"
45.33.32.156 - - [17/Jul/2026:22:23:44 +0530] "GET /blog HTTP/1.1" 200 512 "-" "Mozilla/5.0"
104.26.10.78 - - [17/Jul/2026:20:02:06 +0530] "POST /images/logo.png HTTP/1.1" 301 512 "-" "Firefox/140.0"
8.8.8.8 - - [17/Jul/2026:04:30:02 +0530] "GET /contact HTTP/1.1" 200 512 "-" "Mozilla/5.0"
45.33.32.156 - - [17/Jul/2026:06:07:19 +0530] "GET /../../etc/passwd HTTP/1.1" 403 512 "-" "curl/8.0"
8.8.8.8 - - [17/Jul/2026:23:16:51 +0530] "POST /index.html HTTP/1.1" 200 512 "-" "Mozilla/5.0"
8.8.8.8 - - [17/Jul/2026:03:36:59 +0530] "GET /about HTTP/1.1" 200 512 "-" "Mozilla/5.0"
151.101.1.69 - - [17/Jul/2026:01:47:10 +0530] "POST /images/logo.png HTTP/1.1" 301 512 "-" "Firefox/140.0"
45.33.32.156 - - [17/Jul/2026:22:33:35 +0530] "GET /search?q=<script>alert(1)</script> HTTP/1.1" 200 512 "-" "Firefox/140.0"
45.33.32.156 - - [17/Jul/2026:00:11:11 +0530] "GET /config.php HTTP/1.1" 403 512 "-" "Nikto/2.5"
8.8.8.8 - - [17/Jul/2026:03:28:50 +0530] "GET /../../etc/passwd HTTP/1.1" 403 512 "-" "curl/8.0"
151.101.1.69 - - [17/Jul/2026:08:48:07 +0530] "GET /search?q=<script>alert(1)</script> HTTP/1.1" 200 512 "-" "Mozilla/5.0"
103.21.244.1 - - [17/Jul/2026:11:46:40 +0530] "GET /.env HTTP/1.1" 200 512 "-" "python-requests/2.31"
104.26.10.78 - - [17/Jul/2026:09:54:05 +0530] "POST /about HTTP/1.1" 200 512 "-" "Firefox/140.0"
104.26.10.78 - - [17/Jul/2026:10:15:05 +0530] "GET /../../etc/passwd HTTP/1.1" 403 512 "-" "curl/8.0"
104.26.10.78 - - [17/Jul/2026:15:33:10 +0530] "POST /blog HTTP/1.1" 200 512 "-" "Mozilla/5.0"
1.1.1.1 - - [17/Jul/2026:22:29:29 +0530] "GET / HTTP/1.1" 200 512 "-" "Firefox/140.0"
103.21.244.1 - - [17/Jul/2026:13:18:23 +0530] "GET /about HTTP/1.1" 200 512 "-" "Firefox/140.0"
103.21.244.1 - - [17/Jul/2026:05:19:39 +0530] "GET /search?q=<script>alert(1)</script> HTTP/1.1" 200 512 "-" "Chrome/138.0"
104.26.10.78 - - [17/Jul/2026:04:13:19 +0530] "GET /index.html HTTP/1.1" 200 512 "-" "Chrome/138.0"
45.33.32.156 - - [17/Jul/2026:23:27:58 +0530] "POST /index.html HTTP/1.1" 200 512 "-" "Firefox/140.0"
45.33.32.156 - - [17/Jul/2026:19:52:01 +0530] "GET / HTTP/1.1" 200 512 "-" "Chrome/138.0"
1.1.1.1 - - [17/Jul/2026:04:57:17 +0530] "GET /index.html HTTP/1.1" 200 512 "-" "Mozilla/5.0"
185.199.108.153 - - [17/Jul/2026:20:09:17 +0530] "POST /contact HTTP/1.1" 200 512 "-" "Mozilla/5.0"
104.26.10.78 - - [17/Jul/2026:03:01:12 +0530] "GET /phpinfo.php HTTP/1.1" 200 512 "-" "wget/1.21"
104.26.10.78 - - [17/Jul/2026:16:02:11 +0530] "GET /.env HTTP/1.1" 200 512 "-" "curl/8.0"
104.26.10.78 - - [17/Jul/2026:10:29:00 +0530] "POST /about HTTP/1.1" 200 512 "-" "Mozilla/5.0"
8.8.8.8 - - [17/Jul/2026:09:43:46 +0530] "POST /products HTTP/1.1" 200 512 "-" "Firefox/140.0"
103.21.244.1 - - [17/Jul/2026:01:26:55 +0530] "GET /search?q=<script>alert(1)</script> HTTP/1.1" 200 512 "-" "Chrome/138.0"
103.21.244.1 - - [17/Jul/2026:13:14:54 +0530] "GET /search?q=<script>alert(1)</script> HTTP/1.1" 200 512 "-" "Firefox/140.0"
1.1.1.1 - - [17/Jul/2026:06:04:49 +0530] "GET /products HTTP/1.1" 200 512 "-" "Mozilla/5.0"
185.199.108.153 - - [17/Jul/2026:08:50:16 +0530] "GET /products HTTP/1.1" 200 512 "-" "Firefox/140.0"
8.8.8.8 - - [17/Jul/2026:10:56:44 +0530] "GET /../../etc/passwd HTTP/1.1" 403 512 "-" "curl/8.0"
104.26.10.78 - - [17/Jul/2026:07:53:32 +0530] "GET /search?q=<script>alert(1)</script> HTTP/1.1" 200 512 "-" "Mozilla/5.0"
45.33.32.156 - - [17/Jul/2026:07:59:11 +0530] "GET /login HTTP/1.1" 401 512 "-" "Mozilla/5.0"
151.101.1.69 - - [17/Jul/2026:17:22:23 +0530] "POST /contact HTTP/1.1" 200 512 "-" "Chrome/138.0"
8.8.8.8 - - [17/Jul/2026:17:04:22 +0530] "GET /../../etc/passwd HTTP/1.1" 403 512 "-" "curl/8.0"
185.199.108.153 - - [17/Jul/2026:14:54:13 +0530] "GET /index.html HTTP/1.1" 200 512 "-" "Chrome/138.0"
103.21.244.1 - - [17/Jul/2026:23:12:10 +0530] "GET /login HTTP/1.1" 401 512 "-" "Mozilla/5.0"
1.1.1.1 - - [17/Jul/2026:04:30:08 +0530] "POST / HTTP/1.1" 200 512 "-" "Chrome/138.0"
151.101.1.69 - - [17/Jul/2026:17:23:00 +0530] "GET /search?q=<script>alert(1)</script> HTTP/1.1" 200 512 "-" "Chrome/138.0"
185.199.108.153 - - [17/Jul/2026:03:12:36 +0530] "POST /blog HTTP/1.1" 200 512 "-" "Chrome/138.0"
103.21.244.1 - - [17/Jul/2026:13:21:06 +0530] "GET /search?q=<script>alert(1)</script> HTTP/1.1" 200 512 "-" "Mozilla/5.0"
103.21.244.1 - - [17/Jul/2026:06:08:06 +0530] "GET /../../etc/passwd HTTP/1.1" 403 512 "-" "curl/8.0"
104.26.10.78 - - [17/Jul/2026:09:20:38 +0530] "GET /index.html HTTP/1.1" 200 512 "-" "Mozilla/5.0"
185.199.108.153 - - [17/Jul/2026:16:08:45 +0530] "POST /products HTTP/1.1" 200 512 "-" "Chrome/138.0"
1.1.1.1 - - [17/Jul/2026:16:28:42 +0530] "GET /products HTTP/1.1" 301 512 "-" "Firefox/140.0"
104.26.10.78 - - [17/Jul/2026:07:22:27 +0530] "GET /blog HTTP/1.1" 200 512 "-" "Mozilla/5.0"
8.8.8.8 - - [17/Jul/2026:05:53:15 +0530] "GET /config.php HTTP/1.1" 403 512 "-" "Nikto/2.5"
151.101.1.69 - - [17/Jul/2026:12:17:16 +0530] "POST / HTTP/1.1" 200 512 "-" "Chrome/138.0"
185.199.108.153 - - [17/Jul/2026:12:11:15 +0530] "GET /search?q=<script>alert(1)</script> HTTP/1.1" 200 512 "-" "Firefox/140.0"
45.33.32.156 - - [17/Jul/2026:09:00:04 +0530] "POST /index.html HTTP/1.1" 200 512 "-" "Mozilla/5.0"
103.21.244.1 - - [17/Jul/2026:03:56:09 +0530] "POST /index.html HTTP/1.1" 301 512 "-" "Mozilla/5.0"
104.26.10.78 - - [17/Jul/2026:09:22:12 +0530] "GET /search?q=<script>alert(1)</script> HTTP/1.1" 200 512 "-" "Chrome/138.0"
45.33.32.156 - - [17/Jul/2026:06:35:48 +0530] "POST /products HTTP/1.1" 301 512 "-" "Firefox/140.0"
8.8.8.8 - - [17/Jul/2026:13:37:00 +0530] "POST /contact HTTP/1.1" 200 512 "-" "Firefox/140.0"
104.26.10.78 - - [17/Jul/2026:13:03:32 +0530] "GET /contact HTTP/1.1" 200 512 "-" "Mozilla/5.0"
8.8.8.8 - - [17/Jul/2026:21:08:52 +0530] "GET /login HTTP/1.1" 401 512 "-" "Mozilla/5.0"
8.8.8.8 - - [17/Jul/2026:12:35:03 +0530] "GET /images/logo.png HTTP/1.1" 200 512 "-" "Firefox/140.0"
45.33.32.156 - - [17/Jul/2026:16:01:52 +0530] "POST /products HTTP/1.1" 301 512 "-" "Chrome/138.0"
45.33.32.156 - - [17/Jul/2026:15:52:43 +0530] "POST / HTTP/1.1" 200 512 "-" "Chrome/138.0"
151.101.1.69 - - [17/Jul/2026:14:49:47 +0530] "GET /../../etc/passwd HTTP/1.1" 403 512 "-" "curl/8.0"
103.21.244.1 - - [17/Jul/2026:20:16:48 +0530] "GET /products HTTP/1.1" 200 512 "-" "Firefox/140.0"
104.26.10.78 - - [17/Jul/2026:02:32:39 +0530] "GET /../../etc/passwd HTTP/1.1" 403 512 "-" "curl/8.0"
8.8.8.8 - - [17/Jul/2026:02:29:56 +0530] "GET /search?q=<script>alert(1)</script> HTTP/1.1" 200 512 "-" "Chrome/138.0"
1.1.1.1 - - [17/Jul/2026:00:55:12 +0530] "POST /blog HTTP/1.1" 200 512 "-" "Chrome/138.0"
8.8.8.8 - - [17/Jul/2026:00:47:09 +0530] "GET /../../etc/passwd HTTP/1.1" 403 512 "-" "curl/8.0"
45.33.32.156 - - [17/Jul/2026:23:49:33 +0530] "GET /blog HTTP/1.1" 200 512 "-" "Firefox/140.0"
8.8.8.8 - - [17/Jul/2026:21:24:20 +0530] "POST /products HTTP/1.1" 301 512 "-" "Firefox/140.0"
104.26.10.78 - - [17/Jul/2026:20:57:11 +0530] "POST /products HTTP/1.1" 301 512 "-" "Firefox/140.0"
104.26.10.78 - - [17/Jul/2026:16:55:57 +0530] "GET /config.php HTTP/1.1" 404 512 "-" "curl/8.0"
185.199.108.153 - - [17/Jul/2026:04:24:42 +0530] "GET /phpinfo.php HTTP/1.1" 404 512 "-" "wget/1.21"
104.26.10.78 - - [17/Jul/2026:23:03:59 +0530] "GET /sitemap.xml HTTP/1.1" 403 512 "-" "Nikto/2.5"
151.101.1.69 - - [17/Jul/2026:01:04:13 +0530] "GET / HTTP/1.1" 200 512 "-" "Mozilla/5.0"
104.26.10.78 - - [17/Jul/2026:19:11:04 +0530] "POST /index.html HTTP/1.1" 301 512 "-" "Firefox/140.0"
45.33.32.156 - - [17/Jul/2026:08:31:22 +0530] "POST /products HTTP/1.1" 301 512 "-" "Chrome/138.0"
8.8.8.8 - - [17/Jul/2026:00:59:59 +0530] "GET /blog HTTP/1.1" 200 512 "-" "Firefox/140.0"
8.8.8.8 - - [17/Jul/2026:20:40:52 +0530] "POST /about HTTP/1.1" 200 512 "-" "Mozilla/5.0"
1.1.1.1 - - [17/Jul/2026:00:55:26 +0530] "GET /robots.txt HTTP/1.1" 404 512 "-" "Nikto/2.5"
103.21.244.1 - - [17/Jul/2026:03:08:34 +0530] "GET /login HTTP/1.1" 401 512 "-" "Mozilla/5.0"
151.101.1.69 - - [17/Jul/2026:04:07:13 +0530] "GET /about HTTP/1.1" 200 512 "-" "Firefox/140.0"
8.8.8.8 - - [17/Jul/2026:09:46:27 +0530] "GET /search?q=<script>alert(1)</script> HTTP/1.1" 200 512 "-" "Firefox/140.0"
45.33.32.156 - - [17/Jul/2026:00:36:24 +0530] "GET /search?q=<script>alert(1)</script> HTTP/1.1" 200 512 "-" "Firefox/140.0"
103.21.244.1 - - [17/Jul/2026:21:17:11 +0530] "GET /search?q=<script>alert(1)</script> HTTP/1.1" 200 512 "-" "Chrome/138.0"
8.8.8.8 - - [17/Jul/2026:08:27:54 +0530] "POST / HTTP/1.1" 200 512 "-" "Firefox/140.0"
1.1.1.1 - - [17/Jul/2026:10:11:49 +0530] "GET /login HTTP/1.1" 401 512 "-" "Mozilla/5.0"
185.199.108.153 - - [17/Jul/2026:16:00:59 +0530] "POST /blog HTTP/1.1" 200 512 "-" "Mozilla/5.0"
103.21.244.1 - - [17/Jul/2026:13:21:32 +0530] "GET /../../etc/passwd HTTP/1.1" 403 512 "-" "curl/8.0"
1.1.1.1 - - [17/Jul/2026:00:53:54 +0530] "GET /config.php HTTP/1.1" 404 512 "-" "wget/1.21"
185.199.108.153 - - [17/Jul/2026:10:39:01 +0530] "POST /index.html HTTP/1.1" 200 512 "-" "Mozilla/5.0"
1.1.1.1 - - [17/Jul/2026:20:52:05 +0530] "POST /images/logo.png HTTP/1.1" 200 512 "-" "Chrome/138.0"
1.1.1.1 - - [17/Jul/2026:01:39:32 +0530] "POST / HTTP/1.1" 301 512 "-" "Chrome/138.0"
151.101.1.69 - - [17/Jul/2026:09:56:42 +0530] "POST /images/logo.png HTTP/1.1" 200 512 "-" "Mozilla/5.0"
45.33.32.156 - - [17/Jul/2026:14:37:08 +0530] "GET /images/logo.png HTTP/1.1" 200 512 "-" "Chrome/138.0"
1.1.1.1 - - [17/Jul/2026:17:07:21 +0530] "GET /.env HTTP/1.1" 403 512 "-" "Nikto/2.5"
151.101.1.69 - - [17/Jul/2026:14:30:01 +0530] "GET /robots.txt HTTP/1.1" 403 512 "-" "python-requests/2.31"
103.21.244.1 - - [17/Jul/2026:19:31:03 +0530] "POST /images/logo.png HTTP/1.1" 301 512 "-" "Firefox/140.0"
1.1.1.1 - - [17/Jul/2026:10:09:00 +0530] "POST /about HTTP/1.1" 200 512 "-" "Firefox/140.0"
151.101.1.69 - - [17/Jul/2026:11:09:38 +0530] "POST /contact HTTP/1.1" 200 512 "-" "Firefox/140.0"
185.199.108.153 - - [17/Jul/2026:23:32:58 +0530] "GET /search?q=<script>alert(1)</script> HTTP/1.1" 200 512 "-" "Firefox/140.0"
104.26.10.78 - - [17/Jul/2026:11:22:43 +0530] "POST /products HTTP/1.1" 301 512 "-" "Mozilla/5.0"
8.8.8.8 - - [17/Jul/2026:05:31:05 +0530] "GET /login HTTP/1.1" 401 512 "-" "Mozilla/5.0"
185.199.108.153 - - [17/Jul/2026:05:12:11 +0530] "POST /products HTTP/1.1" 301 512 "-" "Chrome/138.0"
8.8.8.8 - - [17/Jul/2026:00:11:37 +0530] "POST /about HTTP/1.1" 200 512 "-" "Firefox/140.0"
45.33.32.156 - - [17/Jul/2026:11:22:14 +0530] "GET /index.html HTTP/1.1" 301 512 "-" "Mozilla/5.0"
45.33.32.156 - - [17/Jul/2026:01:35:04 +0530] "POST /blog HTTP/1.1" 200 512 "-" "Mozilla/5.0"
185.199.108.153 - - [17/Jul/2026:22:16:58 +0530] "POST /about HTTP/1.1" 301 512 "-" "Mozilla/5.0"
45.33.32.156 - - [17/Jul/2026:20:56:31 +0530] "GET /search?q=<script>alert(1)</script> HTTP/1.1" 200 512 "-" "Firefox/140.0"
45.33.32.156 - - [17/Jul/2026:17:00:29 +0530] "GET /../../etc/passwd HTTP/1.1" 403 512 "-" "curl/8.0"
1.1.1.1 - - [17/Jul/2026:09:03:05 +0530] "POST /index.html HTTP/1.1" 200 512 "-" "Chrome/138.0"
104.26.10.78 - - [17/Jul/2026:07:00:49 +0530] "GET /.env HTTP/1.1" 404 512 "-" "curl/8.0"
104.26.10.78 - - [17/Jul/2026:11:30:42 +0530] "GET /blog HTTP/1.1" 301 512 "-" "Firefox/140.0"
8.8.8.8 - - [17/Jul/2026:14:41:12 +0530] "POST /contact HTTP/1.1" 200 512 "-" "Firefox/140.0"
8.8.8.8 - - [17/Jul/2026:01:14:41 +0530] "GET /../../etc/passwd HTTP/1.1" 403 512 "-" "curl/8.0"
104.26.10.78 - - [17/Jul/2026:18:21:46 +0530] "GET /../../etc/passwd HTTP/1.1" 403 512 "-" "curl/8.0"
103.21.244.1 - - [17/Jul/2026:08:33:14 +0530] "GET /search?q=<script>alert(1)</script> HTTP/1.1" 200 512 "-" "Mozilla/5.0"
185.199.108.153 - - [17/Jul/2026:12:15:23 +0530] "GET /search?q=<script>alert(1)</script> HTTP/1.1" 200 512 "-" "Firefox/140.0"
151.101.1.69 - - [17/Jul/2026:23:30:13 +0530] "GET /config.php HTTP/1.1" 403 512 "-" "Nikto/2.5"
103.21.244.1 - - [17/Jul/2026:14:16:29 +0530] "GET /contact HTTP/1.1" 200 512 "-" "Chrome/138.0"
45.33.32.156 - - [17/Jul/2026:04:46:50 +0530] "GET /about HTTP/1.1" 301 512 "-" "Chrome/138.0"
103.21.244.1 - - [17/Jul/2026:00:45:26 +0530] "GET /products HTTP/1.1" 301 512 "-" "Mozilla/5.0"
104.26.10.78 - - [17/Jul/2026:11:27:16 +0530] "GET /robots.txt HTTP/1.1" 200 512 "-" "Nikto/2.5"
1.1.1.1 - - [17/Jul/2026:05:58:59 +0530] "GET /login HTTP/1.1" 401 512 "-" "Mozilla/5.0"
185.199.108.153 - - [17/Jul/2026:13:23:54 +0530] "POST /products HTTP/1.1" 200 512 "-" "Mozilla/5.0"
45.33.32.156 - - [17/Jul/2026:05:22:31 +0530] "POST / HTTP/1.1" 301 512 "-" "Chrome/138.0"
103.21.244.1 - - [17/Jul/2026:23:02:43 +0530] "GET /index.html HTTP/1.1" 200 512 "-" "Firefox/140.0"
104.26.10.78 - - [17/Jul/2026:05:52:58 +0530] "GET /index.html HTTP/1.1" 200 512 "-" "Firefox/140.0"
151.101.1.69 - - [17/Jul/2026:14:35:49 +0530] "POST /blog HTTP/1.1" 200 512 "-" "Mozilla/5.0"
8.8.8.8 - - [17/Jul/2026:10:57:14 +0530] "GET /search?q=<script>alert(1)</script> HTTP/1.1" 200 512 "-" "Chrome/138.0"
8.8.8.8 - - [17/Jul/2026:19:57:09 +0530] "GET /search?q=<script>alert(1)</script> HTTP/1.1" 200 512 "-" "Chrome/138.0"
151.101.1.69 - - [17/Jul/2026:11:48:46 +0530] "GET /about HTTP/1.1" 200 512 "-" "Mozilla/5.0"
185.199.108.153 - - [17/Jul/2026:04:40:15 +0530] "GET /../../etc/passwd HTTP/1.1" 403 512 "-" "curl/8.0"
1.1.1.1 - - [17/Jul/2026:15:22:23 +0530] "GET /blog HTTP/1.1" 200 512 "-" "Chrome/138.0"
104.26.10.78 - - [17/Jul/2026:20:42:48 +0530] "GET /index.html HTTP/1.1" 200 512 "-" "Mozilla/5.0"
185.199.108.153 - - [17/Jul/2026:06:06:41 +0530] "GET /search?q=<script>alert(1)</script> HTTP/1.1" 200 512 "-" "Firefox/140.0"
104.26.10.78 - - [17/Jul/2026:02:21:41 +0530] "GET /../../etc/passwd HTTP/1.1" 403 512 "-" "curl/8.0"
8.8.8.8 - - [17/Jul/2026:09:30:51 +0530] "GET /about HTTP/1.1" 200 512 "-" "Firefox/140.0"
1.1.1.1 - - [17/Jul/2026:22:25:17 +0530] "GET / HTTP/1.1" 301 512 "-" "Chrome/138.0"
8.8.8.8 - - [17/Jul/2026:19:06:18 +0530] "GET /../../etc/passwd HTTP/1.1" 403 512 "-" "curl/8.0"
103.21.244.1 - - [17/Jul/2026:19:23:54 +0530] "GET /search?q=<script>alert(1)</script> HTTP/1.1" 200 512 "-" "Mozilla/5.0"
103.21.244.1 - - [17/Jul/2026:16:13:18 +0530] "GET /blog HTTP/1.1" 200 512 "-" "Firefox/140.0"
8.8.8.8 - - [17/Jul/2026:18:41:18 +0530] "GET /index.html HTTP/1.1" 200 512 "-" "Mozilla/5.0"
151.101.1.69 - - [17/Jul/2026:09:34:51 +0530] "GET /../../etc/passwd HTTP/1.1" 403 512 "-" "curl/8.0"
45.33.32.156 - - [17/Jul/2026:21:38:22 +0530] "GET /../../etc/passwd HTTP/1.1" 403 512 "-" "curl/8.0"
104.26.10.78 - - [17/Jul/2026:11:01:21 +0530] "POST /contact HTTP/1.1" 200 512 "-" "Chrome/138.0"
104.26.10.78 - - [17/Jul/2026:01:36:42 +0530] "POST /images/logo.png HTTP/1.1" 200 512 "-" "Mozilla/5.0"
103.21.244.1 - - [17/Jul/2026:16:51:55 +0530] "GET /search?q=<script>alert(1)</script> HTTP/1.1" 200 512 "-" "Mozilla/5.0"
103.21.244.1 - - [17/Jul/2026:01:40:33 +0530] "POST / HTTP/1.1" 200 512 "-" "Chrome/138.0"
103.21.244.1 - - [17/Jul/2026:04:13:49 +0530] "GET /../../etc/passwd HTTP/1.1" 403 512 "-" "curl/8.0"
103.21.244.1 - - [17/Jul/2026:22:45:57 +0530] "POST /contact HTTP/1.1" 200 512 "-" "Mozilla/5.0"
103.21.244.1 - - [17/Jul/2026:18:51:00 +0530] "POST /contact HTTP/1.1" 200 512 "-" "Mozilla/5.0"
151.101.1.69 - - [17/Jul/2026:19:11:47 +0530] "GET /blog HTTP/1.1" 200 512 "-" "Firefox/140.0"
103.21.244.1 - - [17/Jul/2026:00:01:48 +0530] "GET / HTTP/1.1" 200 512 "-" "Firefox/140.0"
151.101.1.69 - - [17/Jul/2026:13:59:09 +0530] "GET /search?q=<script>alert(1)</script> HTTP/1.1" 200 512 "-" "Mozilla/5.0"
104.26.10.78 - - [17/Jul/2026:18:33:23 +0530] "GET /search?q=<script>alert(1)</script> HTTP/1.1" 200 512 "-" "Mozilla/5.0"
151.101.1.69 - - [17/Jul/2026:14:44:11 +0530] "GET /phpinfo.php HTTP/1.1" 404 512 "-" "python-requests/2.31"
103.21.244.1 - - [17/Jul/2026:12:37:41 +0530] "GET /search?q=<script>alert(1)</script> HTTP/1.1" 200 512 "-" "Mozilla/5.0"
185.199.108.153 - - [17/Jul/2026:16:26:19 +0530] "POST /index.html HTTP/1.1" 200 512 "-" "Chrome/138.0"
151.101.1.69 - - [17/Jul/2026:12:26:25 +0530] "POST /blog HTTP/1.1" 301 512 "-" "Chrome/138.0"
45.33.32.156 - - [17/Jul/2026:18:14:20 +0530] "GET /config.php HTTP/1.1" 403 512 "-" "wget/1.21"
45.33.32.156 - - [17/Jul/2026:00:06:08 +0530] "GET /about HTTP/1.1" 200 512 "-" "Firefox/140.0"
1.1.1.1 - - [17/Jul/2026:13:39:12 +0530] "GET /../../etc/passwd HTTP/1.1" 403 512 "-" "curl/8.0"
104.26.10.78 - - [17/Jul/2026:03:45:02 +0530] "GET /phpinfo.php HTTP/1.1" 200 512 "-" "wget/1.21"
45.33.32.156 - - [17/Jul/2026:04:01:53 +0530] "GET /phpinfo.php HTTP/1.1" 403 512 "-" "wget/1.21"
103.21.244.1 - - [17/Jul/2026:12:24:56 +0530] "GET /products HTTP/1.1" 200 512 "-" "Firefox/140.0"
103.21.244.1 - - [17/Jul/2026:08:44:57 +0530] "GET /contact HTTP/1.1" 200 512 "-" "Chrome/138.0"
1.1.1.1 - - [17/Jul/2026:22:23:19 +0530] "GET /index.html HTTP/1.1" 301 512 "-" "Chrome/138.0"
103.21.244.1 - - [17/Jul/2026:01:35:24 +0530] "GET /login HTTP/1.1" 401 512 "-" "Mozilla/5.0"
8.8.8.8 - - [17/Jul/2026:05:43:06 +0530] "GET /contact HTTP/1.1" 200 512 "-" "Firefox/140.0"
185.199.108.153 - - [17/Jul/2026:10:17:24 +0530] "GET /../../etc/passwd HTTP/1.1" 403 512 "-" "curl/8.0"
1.1.1.1 - - [17/Jul/2026:01:09:16 +0530] "GET /products HTTP/1.1" 200 512 "-" "Firefox/140.0"
1.1.1.1 - - [17/Jul/2026:23:30:25 +0530] "GET /robots.txt HTTP/1.1" 403 512 "-" "Nikto/2.5"
8.8.8.8 - - [17/Jul/2026:03:27:33 +0530] "GET /index.html HTTP/1.1" 301 512 "-" "Mozilla/5.0"
45.33.32.156 - - [17/Jul/2026:21:48:00 +0530] "GET /../../etc/passwd HTTP/1.1" 403 512 "-" "curl/8.0"
103.21.244.1 - - [17/Jul/2026:06:24:54 +0530] "GET /index.html HTTP/1.1" 200 512 "-" "Chrome/138.0"
1.1.1.1 - - [17/Jul/2026:02:59:24 +0530] "GET /sitemap.xml HTTP/1.1" 404 512 "-" "curl/8.0"
45.33.32.156 - - [17/Jul/2026:05:42:11 +0530] "GET /../../etc/passwd HTTP/1.1" 403 512 "-" "curl/8.0"
103.21.244.1 - - [17/Jul/2026:23:03:37 +0530] "POST /contact HTTP/1.1" 200 512 "-" "Firefox/140.0"
8.8.8.8 - - [17/Jul/2026:23:02:48 +0530] "GET /search?q=<script>alert(1)</script> HTTP/1.1" 200 512 "-" "Firefox/140.0"
104.26.10.78 - - [17/Jul/2026:00:46:26 +0530] "GET / HTTP/1.1" 200 512 "-" "Firefox/140.0"
104.26.10.78 - - [17/Jul/2026:19:55:56 +0530] "POST /about HTTP/1.1" 200 512 "-" "Firefox/140.0"
45.33.32.156 - - [17/Jul/2026:15:09:01 +0530] "GET /products HTTP/1.1" 200 512 "-" "Chrome/138.0"
1.1.1.1 - - [17/Jul/2026:11:06:06 +0530] "GET /contact HTTP/1.1" 301 512 "-" "Chrome/138.0"
8.8.8.8 - - [17/Jul/2026:07:51:48 +0530] "POST /images/logo.png HTTP/1.1" 301 512 "-" "Chrome/138.0"
8.8.8.8 - - [17/Jul/2026:07:39:38 +0530] "GET /products HTTP/1.1" 200 512 "-" "Firefox/140.0"
151.101.1.69 - - [17/Jul/2026:21:27:48 +0530] "GET /search?q=<script>alert(1)</script> HTTP/1.1" 200 512 "-" "Firefox/140.0"
104.26.10.78 - - [17/Jul/2026:22:13:28 +0530] "POST /products HTTP/1.1" 200 512 "-" "Firefox/140.0"
45.33.32.156 - - [17/Jul/2026:10:23:46 +0530] "POST / HTTP/1.1" 200 512 "-" "Mozilla/5.0"
1.1.1.1 - - [17/Jul/2026:12:01:45 +0530] "GET /login HTTP/1.1" 401 512 "-" "Mozilla/5.0"
8.8.8.8 - - [17/Jul/2026:04:14:50 +0530] "GET /../../etc/passwd HTTP/1.1" 403 512 "-" "curl/8.0"
103.21.244.1 - - [17/Jul/2026:10:46:05 +0530] "GET /search?q=<script>alert(1)</script> HTTP/1.1" 200 512 "-" "Firefox/140.0"
151.101.1.69 - - [17/Jul/2026:13:00:35 +0530] "GET /../../etc/passwd HTTP/1.1" 403 512 "-" "curl/8.0"
45.33.32.156 - - [17/Jul/2026:07:56:35 +0530] "POST /blog HTTP/1.1" 301 512 "-" "Chrome/138.0"
8.8.8.8 - - [17/Jul/2026:01:57:33 +0530] "GET / HTTP/1.1" 200 512 "-" "Firefox/140.0"
151.101.1.69 - - [17/Jul/2026:14:55:39 +0530] "POST /index.html HTTP/1.1" 301 512 "-" "Firefox/140.0"
185.199.108.153 - - [17/Jul/2026:09:49:07 +0530] "GET /index.html HTTP/1.1" 301 512 "-" "Mozilla/5.0"
8.8.8.8 - - [17/Jul/2026:16:05:51 +0530] "GET / HTTP/1.1" 301 512 "-" "Mozilla/5.0"
104.26.10.78 - - [17/Jul/2026:02:24:00 +0530] "GET /phpinfo.php HTTP/1.1" 200 512 "-" "curl/8.0"
185.199.108.153 - - [17/Jul/2026:17:19:19 +0530] "GET /phpinfo.php HTTP/1.1" 404 512 "-" "python-requests/2.31"
185.199.108.153 - - [17/Jul/2026:05:44:11 +0530] "POST /about HTTP/1.1" 200 512 "-" "Mozilla/5.0"
103.21.244.1 - - [17/Jul/2026:23:07:38 +0530] "GET /search?q=<script>alert(1)</script> HTTP/1.1" 200 512 "-" "Mozilla/5.0"
45.33.32.156 - - [17/Jul/2026:10:26:14 +0530] "POST /blog HTTP/1.1" 301 512 "-" "Mozilla/5.0"
104.26.10.78 - - [17/Jul/2026:19:22:56 +0530] "GET /.env HTTP/1.1" 403 512 "-" "python-requests/2.31"
104.26.10.78 - - [17/Jul/2026:16:19:02 +0530] "GET /images/logo.png HTTP/1.1" 200 512 "-" "Firefox/140.0"
103.21.244.1 - - [17/Jul/2026:11:35:28 +0530] "POST / HTTP/1.1" 200 512 "-" "Chrome/138.0"
8.8.8.8 - - [17/Jul/2026:18:55:24 +0530] "GET /sitemap.xml HTTP/1.1" 200 512 "-" "Nikto/2.5"
103.21.244.1 - - [17/Jul/2026:02:13:11 +0530] "POST /about HTTP/1.1" 200 512 "-" "Mozilla/5.0"
151.101.1.69 - - [17/Jul/2026:13:57:30 +0530] "GET /.env HTTP/1.1" 200 512 "-" "Nikto/2.5"
185.199.108.153 - - [17/Jul/2026:09:01:27 +0530] "GET / HTTP/1.1" 200 512 "-" "Chrome/138.0"
151.101.1.69 - - [17/Jul/2026:21:05:35 +0530] "POST / HTTP/1.1" 301 512 "-" "Mozilla/5.0"
8.8.8.8 - - [17/Jul/2026:14:42:34 +0530] "GET /products HTTP/1.1" 200 512 "-" "Chrome/138.0"
45.33.32.156 - - [17/Jul/2026:17:05:04 +0530] "GET /login HTTP/1.1" 401 512 "-" "Mozilla/5.0"
1.1.1.1 - - [17/Jul/2026:17:53:27 +0530] "POST /products HTTP/1.1" 301 512 "-" "Chrome/138.0"
1.1.1.1 - - [17/Jul/2026:05:48:17 +0530] "GET /../../etc/passwd HTTP/1.1" 403 512 "-" "curl/8.0"
1.1.1.1 - - [17/Jul/2026:04:25:12 +0530] "GET /../../etc/passwd HTTP/1.1" 403 512 "-" "curl/8.0"
