45.33.32.156 - - [17/Jul/2026:17:27:10 +0530] "POST /images/logo.png HTTP/1.1" 200 512 "-" "Mozilla/5.0"
1.1.1.1 - - [17/Jul/2026:17:34:42 +0530] "GET /images/logo.png HTTP/1.1" 200 512 "-" "Chrome/138.0"
151.101.1.69 - - [17/Jul/2026:21:50:05 +0530] "GET /search?q=<script>alert(1)</script> HTTP/1.1" 200 512 "-" "Firefox/140.0"
1.1.1.1 - - [17/Jul/2026:10:09:25 +0530] "POST / HTTP/1.1" 200 512 "-" "Firefox/140.0"
103.21.244.1 - - [17/Jul/2026:11:51:51 +0530] "POST /index.html HTTP/1.1" 200 512 "-" "Chrome/138.0"
103.21.244.1 - - [17/Jul/2026:06:04:57 +0530] "POST /images/logo.png HTTP/1.1" 301 512 "-" "Mozilla/5.0"
8.8.8.8 - - [17/Jul/2026:18:49:40 +0530] "GET /search?q=<script>alert(1)</script> HTTP/1.1" 200 512 "-" "Mozilla/5.0"
8.8.8.8 - - [17/Jul/2026:12:31:57 +0530] "GET /about HTTP/1.1" 200 512 "-" "Mozilla/5.0"
185.199.108.153 - - [17/Jul/2026:13:04:20 +0530] "GET /blog HTTP/1.1" 301 512 "-" "Firefox/140.0"
103.21.244.1 - - [17/Jul/2026:16:37:24 +0530] "POST / HTTP/1.1" 200 512 "-" "Mozilla/5.0"
104.26.10.78 - - [17/Jul/2026:08:41:03 +0530] "POST /index.html HTTP/1.1" 200 512 "-" "Mozilla/5.0"
104.26.10.78 - - [17/Jul/2026:20:17:45 +0530] "POST /images/logo.png HTTP/1.1" 200 512 "-" "Mozilla/5.0"
8.8.8.8 - - [17/Jul/2026:14:32:24 +0530] "GET / HTTP/1.1" 200 512 "-" "Firefox/140.0"
151.101.1.69 - - [17/Jul/2026:09:16:29 +0530] "GET /../../etc/passwd HTTP/1.1" 403 512 "-" "curl/8.0"
8.8.8.8 - - [17/Jul/2026:01:29:11 +0530] "POST /contact HTTP/1.1" 200 512 "-" "Chrome/138.0"
103.21.244.1 - - [17/Jul/2026:16:58:39 +0530] "POST /index.html HTTP/1.1" 200 512 "-" "Chrome/138.0"
8.8.8.8 - - [17/Jul/2026:19:50:28 +0530] "GET /../../etc/passwd HTTP/1.1" 403 512 "-" "curl/8.0"
103.21.244.1 - - [17/Jul/2026:06:44:37 +0530] "POST /products HTTP/1.1" 200 512 "-" "Mozilla/5.0"
185.199.108.153 - - [17/Jul/2026:15:58:44 +0530] "GET /../../etc/passwd HTTP/1.1" 403 512 "-" "curl/8.0"
1.1.1.1 - - [17/Jul/2026:14:33:39 +0530] "POST /images/logo.png HTTP/1.1" 301 512 "-" "Mozilla/5.0"
45.33.32.156 - - [17/Jul/2026:14:50:59 +0530] "GET /images/logo.png HTTP/1.1" 200 512 "-" "Firefox/140.0"
8.8.8.8 - - [17/Jul/2026:03:21:05 +0530] "GET /login HTTP/1.1" 401 512 "-" "Mozilla/5.0"
103.21.244.1 - - [17/Jul/2026:03:03:49 +0530] "GET /search?q=<script>alert(1)</script> HTTP/1.1" 200 512 "-" "Firefox/140.0"
104.26.10.78 - - [17/Jul/2026:23:30:03 +0530] "GET /search?q=<script>alert(1)</script> HTTP/1.1" 200 512 "-" "Mozilla/5.0"
103.21.244.1 - - [17/Jul/2026:18:35:16 +0530] "POST /images/logo.png HTTP/1.1" 200 512 "-" "Firefox/140.0"
185.199.108.153 - - [17/Jul/2026:09:29:32 +0530] "POST /blog HTTP/1.1" 301 512 "-" "Firefox/140.0"
103.21.244.1 - - [17/Jul/2026:05:28:37 +0530] "POST / HTTP/1.1" 200 512 "-" "Firefox/140.0"
103.21.244.1 - - [17/Jul/2026:00:35:41 +0530] "GET /../../etc/passwd HTTP/1.1" 403 512 "-" "curl/8.0"
104.26.10.78 - - [17/Jul/2026:14:45:39 +0530] "GET /index.html HTTP/1.1" 200 512 "-" "Mozilla/5.0"
151.101.1.69 - - [17/Jul/2026:14:27:30 +0530] "GET /search?q=<script>alert(1)</script> HTTP/1.1" 200 512 "-" "Mozilla/5.0"
1.1.1.1 - - [17/Jul/2026:00:22:27 +0530] "GET /products HTTP/1.1" 200 512 "-" "Firefox/140.0"
8.8.8.8 - - [17/Jul/2026:08:38:28 +0530] "POST /index.html HTTP/1.1" 200 512 "-" "Mozilla/5.0"
45.33.32.156 - - [17/Jul/2026:21:47:25 +0530] "POST /about HTTP/1.1" 200 512 "-" "Firefox/140.0"
185.199.108.153 - - [17/Jul/2026:11:27:04 +0530] "POST / HTTP/1.1" 200 512 "-" "Firefox/140.0"
103.21.244.1 - - [17/Jul/2026:06:42:45 +0530] "POST /blog HTTP/1.1" 200 512 "-" "Mozilla/5.0"
151.101.1.69 - - [17/Jul/2026:09:43:34 +0530] "POST / HTTP/1.1" 200 512 "-" "Chrome/138.0"
185.199.108.153 - - [17/Jul/2026:23:37:22 +0530] "GET /login HTTP/1.1" 401 512 "-" "Mozilla/5.0"
104.26.10.78 - - [17/Jul/2026:01:16:34 +0530] "GET /search?q=<script>alert(1)</script> HTTP/1.1" 200 512 "-" "Chrome/138.0"
151.101.1.69 - - [17/Jul/2026:13:01:02 +0530] "POST /images/logo.png HTTP/1.1" 301 512 "-" "Mozilla/5.0"
1.1.1.1 - - [17/Jul/2026:19:56:43 +0530] "POST /index.html HTTP/1.1" 200 512 "-" "Mozilla/5.0"
185.199.108.153 - - [17/Jul/2026:20:25:16 +0530] "POST /products HTTP/1.1" 200 512 "-" "Mozilla/5.0"
104.26.10.78 - - [17/Jul/2026:15:47:01 +0530] "GET /blog HTTP/1.1" 301 512 "-" "Chrome/138.0"
104.26.10.78 - - [17/Jul/2026:14:21:18 +0530] "POST /index.html HTTP/1.1" 200 512 "-" "Mozilla/5.0"
185.199.108.153 - - [17/Jul/2026:14:50:08 +0530] "GET /search?q=<script>alert(1)</script> HTTP/1.1" 200 512 "-" "Firefox/140.0"
1.1.1.1 - - [17/Jul/2026:09:25:57 +0530] "GET /phpinfo.php HTTP/1.1" 403 512 "-" "python-requests/2.31"
104.26.10.78 - - [17/Jul/2026:17:35:35 +0530] "GET /contact HTTP/1.1" 200 512 "-" "Firefox/140.0"
104.26.10.78 - - [17/Jul/2026:15:49:05 +0530] "GET /blog HTTP/1.1" 200 512 "-" "Mozilla/5.0"
185.199.108.153 - - [17/Jul/2026:02:52:39 +0530] "GET /../../etc/passwd HTTP/1.1" 403 512 "-" "curl/8.0"
185.199.108.153 - - [17/Jul/2026:05:03:03 +0530] "GET /blog HTTP/1.1" 301 512 "-" "Chrome/138.0"
185.199.108.153 - - [17/Jul/2026:04:07:35 +0530] "POST /index.html HTTP/1.1" 200 512 "-" "Chrome/138.0"
151.101.1.69 - - [17/Jul/2026:13:31:29 +0530] "GET /search?q=<script>alert(1)</script> HTTP/1.1" 200 512 "-" "Mozilla/5.0"
185.199.108.153 - - [17/Jul/2026:05:37:51 +0530] "GET /../../etc/passwd HTTP/1.1" 403 512 "-" "curl/8.0"
1.1.1.1 - - [17/Jul/2026:16:50:01 +0530] "GET /products HTTP/1.1" 301 512 "-" "Mozilla/5.0"
45.33.32.156 - - [17/Jul/2026:11:19:53 +0530] "GET /contact HTTP/1.1" 200 512 "-" "Chrome/138.0"
185.199.108.153 - - [17/Jul/2026:15:11:02 +0530] "GET /search?q=<script>alert(1)</script> HTTP/1.1" 200 512 "-" "Mozilla/5.0"
103.21.244.1 - - [17/Jul/2026:14:25:33 +0530] "POST /images/logo.png HTTP/1.1" 200 512 "-" "Chrome/138.0"
104.26.10.78 - - [17/Jul/2026:11:32:17 +0530] "GET /sitemap.xml HTTP/1.1" 200 512 "-" "python-requests/2.31"
185.199.108.153 - - [17/Jul/2026:16:54:00 +0530] "POST /contact HTTP/1.1" 200 512 "-" "Chrome/138.0"
45.33.32.156 - - [17/Jul/2026:05:58:00 +0530] "POST /products HTTP/1.1" 200 512 "-" "Mozilla/5.0"
45.33.32.156 - - [17/Jul/2026:18:05:03 +0530] "GET /about HTTP/1.1" 200 512 "-" "Firefox/140.0"
185.199.108.153 - - [17/Jul/2026:23:55:39 +0530] "GET /config.php HTTP/1.1" 200 512 "-" "python-requests/2.31"
151.101.1.69 - - [17/Jul/2026:15:50:41 +0530] "GET /products HTTP/1.1" 200 512 "-" "Firefox/140.0"
151.101.1.69 - - [17/Jul/2026:18:00:01 +0530] "GET /index.html HTTP/1.1" 200 512 "-" "Firefox/140.0"
8.8.8.8 - - [17/Jul/2026:18:55:30 +0530] "GET /../../etc/passwd HTTP/1.1" 403 512 "-" "curl/8.0"
45.33.32.156 - - [17/Jul/2026:06:09:42 +0530] "GET /../../etc/passwd HTTP/1.1" 403 512 "-" "curl/8.0"
45.33.32.156 - - [17/Jul/2026:22:08:58 +0530] "GET /images/logo.png HTTP/1.1" 200 512 "-" "Firefox/140.0"
45.33.32.156 - - [17/Jul/2026:20:13:51 +0530] "GET / HTTP/1.1" 200 512 "-" "Firefox/140.0"
104.26.10.78 - - [17/Jul/2026:12:28:38 +0530] "GET /login HTTP/1.1" 401 512 "-" "Mozilla/5.0"
1.1.1.1 - - [17/Jul/2026:13:44:50 +0530] "POST /contact HTTP/1.1" 200 512 "-" "Chrome/138.0"
103.21.244.1 - - [17/Jul/2026:17:41:26 +0530] "GET /phpinfo.php HTTP/1.1" 404 512 "-" "Nikto/2.5"
104.26.10.78 - - [17/Jul/2026:04:39:10 +0530] "GET / HTTP/1.1" 200 512 "-" "Mozilla/5.0"
103.21.244.1 - - [17/Jul/2026:09:24:21 +0530] "GET /search?q=<script>alert(1)</script> HTTP/1.1" 200 512 "-" "Chrome/138.0"
185.199.108.153 - - [17/Jul/2026:23:15:47 +0530] "GET /search?q=<script>alert(1)</script> HTTP/1.1" 200 512 "-" "Chrome/138.0"
45.33.32.156 - - [17/Jul/2026:23:45:50 +0530] "GET /index.html HTTP/1.1" 200 512 "-" "Mozilla/5.0"
104.26.10.78 - - [17/Jul/2026:14:46:00 +0530] "GET /../../etc/passwd HTTP/1.1" 403 512 "-" "curl/8.0"
185.199.108.153 - - [17/Jul/2026:18:14:45 +0530] "GET /about HTTP/1.1" 301 512 "-" "Mozilla/5.0"
8.8.8.8 - - [17/Jul/2026:23:53:12 +0530] "GET /about HTTP/1.1" 200 512 "-" "Chrome/138.0"
185.199.108.153 - - [17/Jul/2026:05:58:12 +0530] "GET /robots.txt HTTP/1.1" 200 512 "-" "curl/8.0"
8.8.8.8 - - [17/Jul/2026:10:18:49 +0530] "GET /login HTTP/1.1" 401 512 "-" "Mozilla/5.0"
151.101.1.69 - - [17/Jul/2026:06:06:45 +0530] "GET /images/logo.png HTTP/1.1" 200 512 "-" "Chrome/138.0"
103.21.244.1 - - [17/Jul/2026:19:14:07 +0530] "POST /index.html HTTP/1.1" 200 512 "-" "Mozilla/5.0"
8.8.8.8 - - [17/Jul/2026:03:42:28 +0530] "POST /products HTTP/1.1" 301 512 "-" "Firefox/140.0"
45.33.32.156 - - [17/Jul/2026:03:22:59 +0530] "POST / HTTP/1.1" 301 512 "-" "Mozilla/5.0"
151.101.1.69 - - [17/Jul/2026:06:58:32 +0530] "GET /index.html HTTP/1.1" 200 512 "-" "Firefox/140.0"
104.26.10.78 - - [17/Jul/2026:05:24:07 +0530] "GET /phpinfo.php HTTP/1.1" 200 512 "-" "curl/8.0"
1.1.1.1 - - [17/Jul/2026:20:20:52 +0530] "GET /sitemap.xml HTTP/1.1" 200 512 "-" "python-requests/2.31"
1.1.1.1 - - [17/Jul/2026:18:36:07 +0530] "POST /blog HTTP/1.1" 200 512 "-" "Firefox/140.0"
103.21.244.1 - - [17/Jul/2026:06:16:21 +0530] "GET /search?q=<script>alert(1)</script> HTTP/1.1" 200 512 "-" "Firefox/140.0"
185.199.108.153 - - [17/Jul/2026:04:26:21 +0530] "POST / HTTP/1.1" 200 512 "-" "Chrome/138.0"
1.1.1.1 - - [17/Jul/2026:00:57:23 +0530] "GET /products HTTP/1.1" 200 512 "-" "Mozilla/5.0"
185.199.108.153 - - [17/Jul/2026:14:02:22 +0530] "GET /index.html HTTP/1.1" 200 512 "-" "Mozilla/5.0"
104.26.10.78 - - [17/Jul/2026:06:28:02 +0530] "GET /search?q=<script>alert(1)</script> HTTP/1.1" 200 512 "-" "Chrome/138.0"
1.1.1.1 - - [17/Jul/2026:03:18:01 +0530] "GET /products HTTP/1.1" 200 512 "-" "Chrome/138.0"
185.199.108.153 - - [17/Jul/2026:15:04:48 +0530] "GET /../../etc/passwd HTTP/1.1" 403 512 "-" "curl/8.0"
8.8.8.8 - - [17/Jul/2026:13:17:39 +0530] "GET /index.html HTTP/1.1" 200 512 "-" "Chrome/138.0"
104.26.10.78 - - [17/Jul/2026:21:29:07 +0530] "GET /../../etc/passwd HTTP/1.1" 403 512 "-" "curl/8.0"
45.33.32.156 - - [17/Jul/2026:12:16:18 +0530] "GET /robots.txt HTTP/1.1" 404 512 "-" "Nikto/2.5"
103.21.244.1 - - [17/Jul/2026:06:21:17 +0530] "GET /../../etc/passwd HTTP/1.1" 403 512 "-" "curl/8.0"
104.26.10.78 - - [17/Jul/2026:12:04:22 +0530] "GET /search?q=<script>alert(1)</script> HTTP/1.1" 200 512 "-" "Chrome/138.0"
1.1.1.1 - - [17/Jul/2026:22:41:01 +0530] "POST /index.html HTTP/1.1" 200 512 "-" "Chrome/138.0"
185.199.108.153 - - [17/Jul/2026:15:36:08 +0530] "POST /products HTTP/1.1" 200 512 "-" "Mozilla/5.0"
151.101.1.69 - - [17/Jul/2026:21:28:24 +0530] "GET /images/logo.png HTTP/1.1" 301 512 "-" "Chrome/138.0"
45.33.32.156 - - [17/Jul/2026:19:07:44 +0530] "GET /blog HTTP/1.1" 301 512 "-" "Mozilla/5.0"
45.33.32.156 - - [17/Jul/2026:06:53:19 +0530] "POST /about HTTP/1.1" 200 512 "-" "Firefox/140.0"
185.199.108.153 - - [17/Jul/2026:18:59:03 +0530] "GET /robots.txt HTTP/1.1" 404 512 "-" "wget/1.21"
104.26.10.78 - - [17/Jul/2026:18:18:53 +0530] "GET /sitemap.xml HTTP/1.1" 404 512 "-" "wget/1.21"
104.26.10.78 - - [17/Jul/2026:21:57:59 +0530] "GET /products HTTP/1.1" 200 512 "-" "Firefox/140.0"
45.33.32.156 - - [17/Jul/2026:01:36:28 +0530] "GET /index.html HTTP/1.1" 200 512 "-" "Mozilla/5.0"
1.1.1.1 - - [17/Jul/2026:10:25:49 +0530] "GET /sitemap.xml HTTP/1.1" 404 512 "-" "curl/8.0"
1.1.1.1 - - [17/Jul/2026:00:11:53 +0530] "GET /../../etc/passwd HTTP/1.1" 403 512 "-" "curl/8.0"
8.8.8.8 - - [17/Jul/2026:01:28:13 +0530] "GET /sitemap.xml HTTP/1.1" 200 512 "-" "python-requests/2.31"
185.199.108.153 - - [17/Jul/2026:04:47:01 +0530] "GET /index.html HTTP/1.1" 200 512 "-" "Chrome/138.0"
104.26.10.78 - - [17/Jul/2026:08:23:31 +0530] "GET /about HTTP/1.1" 200 512 "-" "Chrome/138.0"
104.26.10.78 - - [17/Jul/2026:11:35:40 +0530] "POST /blog HTTP/1.1" 200 512 "-" "Firefox/140.0"
1.1.1.1 - - [17/Jul/2026:19:35:48 +0530] "GET /index.html HTTP/1.1" 200 512 "-" "Mozilla/5.0"
103.21.244.1 - - [17/Jul/2026:22:44:27 +0530] "GET /search?q=<script>alert(1)</script> HTTP/1.1" 200 512 "-" "Chrome/138.0"
1.1.1.1 - - [17/Jul/2026:09:07:24 +0530] "GET /blog HTTP/1.1" 301 512 "-" "Firefox/140.0"
103.21.244.1 - - [17/Jul/2026:06:29:30 +0530] "POST /images/logo.png HTTP/1.1" 200 512 "-" "Firefox/140.0"
1.1.1.1 - - [17/Jul/2026:15:24:48 +0530] "GET /login HTTP/1.1" 401 512 "-" "Mozilla/5.0"
185.199.108.153 - - [17/Jul/2026:03:10:54 +0530] "POST /products HTTP/1.1" 200 512 "-" "Chrome/138.0"
1.1.1.1 - - [17/Jul/2026:06:35:03 +0530] "GET /blog HTTP/1.1" 200 512 "-" "Chrome/138.0"
104.26.10.78 - - [17/Jul/2026:00:16:07 +0530] "GET /search?q=<script>alert(1)</script> HTTP/1.1" 200 512 "-" "Firefox/140.0"
104.26.10.78 - - [17/Jul/2026:07:21:18 +0530] "GET /phpinfo.php HTTP/1.1" 403 512 "-" "python-requests/2.31"
185.199.108.153 - - [17/Jul/2026:09:23:37 +0530] "POST / HTTP/1.1" 200 512 "-" "Mozilla/5.0"
103.21.244.1 - - [17/Jul/2026:13:00:42 +0530] "GET /sitemap.xml HTTP/1.1" 200 512 "-" "curl/8.0"
103.21.244.1 - - [17/Jul/2026:00:22:35 +0530] "GET / HTTP/1.1" 200 512 "-" "Chrome/138.0"
151.101.1.69 - - [17/Jul/2026:23:48:00 +0530] "GET /index.html HTTP/1.1" 200 512 "-" "Chrome/138.0"
103.21.244.1 - - [17/Jul/2026:02:51:41 +0530] "GET /images/logo.png HTTP/1.1" 200 512 "-" "Firefox/140.0"
8.8.8.8 - - [17/Jul/2026:01:45:47 +0530] "GET /../../etc/passwd HTTP/1.1" 403 512 "-" "curl/8.0"
1.1.1.1 - - [17/Jul/2026:03:46:11 +0530] "POST /about HTTP/1.1" 200 512 "-" "Mozilla/5.0"
8.8.8.8 - - [17/Jul/2026:12:42:09 +0530] "GET /index.html HTTP/1.1" 200 512 "-" "Chrome/138.0"
151.101.1.69 - - [17/Jul/2026:00:39:45 +0530] "GET /search?q=<script>alert(1)</script> HTTP/1.1" 200 512 "-" "Chrome/138.0"
104.26.10.78 - - [17/Jul/2026:12:44:51 +0530] "POST /blog HTTP/1.1" 200 512 "-" "Chrome/138.0"
104.26.10.78 - - [17/Jul/2026:05:13:19 +0530] "POST /index.html HTTP/1.1" 200 512 "-" "Chrome/138.0"
104.26.10.78 - - [17/Jul/2026:00:56:36 +0530] "GET /login HTTP/1.1" 401 512 "-" "Mozilla/5.0"
1.1.1.1 - - [17/Jul/2026:19:33:21 +0530] "GET /phpinfo.php HTTP/1.1" 404 512 "-" "curl/8.0"
45.33.32.156 - - [17/Jul/2026:07:38:46 +0530] "GET /search?q=<script>alert(1)</script> HTTP/1.1" 200 512 "-" "Firefox/140.0"
185.199.108.153 - - [17/Jul/2026:22:13:36 +0530] "GET /config.php HTTP/1.1" 403 512 "-" "curl/8.0"
8.8.8.8 - - [17/Jul/2026:09:43:27 +0530] "POST /images/logo.png HTTP/1.1" 200 512 "-" "Mozilla/5.0"
8.8.8.8 - - [17/Jul/2026:01:33:39 +0530] "GET /robots.txt HTTP/1.1" 403 512 "-" "curl/8.0"
8.8.8.8 - - [17/Jul/2026:04:24:27 +0530] "GET /login HTTP/1.1" 401 512 "-" "Mozilla/5.0"
1.1.1.1 - - [17/Jul/2026:07:49:33 +0530] "GET /search?q=<script>alert(1)</script> HTTP/1.1" 200 512 "-" "Firefox/140.0"
104.26.10.78 - - [17/Jul/2026:20:24:07 +0530] "GET /../../etc/passwd HTTP/1.1" 403 512 "-" "curl/8.0"
45.33.32.156 - - [17/Jul/2026:21:08:11 +0530] "GET /search?q=<script>alert(1)</script> HTTP/1.1" 200 512 "-" "Mozilla/5.0"
151.101.1.69 - - [17/Jul/2026:16:39:37 +0530] "POST / HTTP/1.1" 200 512 "-" "Chrome/138.0"
45.33.32.156 - - [17/Jul/2026:09:18:36 +0530] "GET /search?q=<script>alert(1)</script> HTTP/1.1" 200 512 "-" "Mozilla/5.0"
8.8.8.8 - - [17/Jul/2026:01:45:45 +0530] "POST /products HTTP/1.1" 200 512 "-" "Chrome/138.0"
151.101.1.69 - - [17/Jul/2026:05:55:14 +0530] "GET /../../etc/passwd HTTP/1.1" 403 512 "-" "curl/8.0"
8.8.8.8 - - [17/Jul/2026:14:18:06 +0530] "GET /sitemap.xml HTTP/1.1" 404 512 "-" "Nikto/2.5"
185.199.108.153 - - [17/Jul/2026:09:58:58 +0530] "GET /robots.txt HTTP/1.1" 200 512 "-" "Nikto/2.5"
104.26.10.78 - - [17/Jul/2026:22:37:21 +0530] "GET / HTTP/1.1" 301 512 "-" "Chrome/138.0"
45.33.32.156 - - [17/Jul/2026:01:45:12 +0530] "POST /products HTTP/1.1" 200 512 "-" "Chrome/138.0"
45.33.32.156 - - [17/Jul/2026:17:30:54 +0530] "POST /products HTTP/1.1" 200 512 "-" "Chrome/138.0"
185.199.108.153 - - [17/Jul/2026:19:57:47 +0530] "GET /images/logo.png HTTP/1.1" 301 512 "-" "Mozilla/5.0"
1.1.1.1 - - [17/Jul/2026:10:27:22 +0530] "POST /products HTTP/1.1" 200 512 "-" "Chrome/138.0"
103.21.244.1 - - [17/Jul/2026:22:20:31 +0530] "POST /index.html HTTP/1.1" 200 512 "-" "Mozilla/5.0"
1.1.1.1 - - [17/Jul/2026:00:44:11 +0530] "GET /../../etc/passwd HTTP/1.1" 403 512 "-" "curl/8.0"
104.26.10.78 - - [17/Jul/2026:15:07:29 +0530] "GET /products HTTP/1.1" 301 512 "-" "Chrome/138.0"
103.21.244.1 - - [17/Jul/2026:22:58:16 +0530] "GET /../../etc/passwd HTTP/1.1" 403 512 "-" "curl/8.0"
185.199.108.153 - - [17/Jul/2026:01:40:55 +0530] "GET /images/logo.png HTTP/1.1" 200 512 "-" "Chrome/138.0"
8.8.8.8 - - [17/Jul/2026:19:52:27 +0530] "GET /search?q=<script>alert(1)</script> HTTP/1.1" 200 512 "-" "Firefox/140.0"
1.1.1.1 - - [17/Jul/2026:18:48:45 +0530] "GET /search?q=<script>alert(1)</script> HTTP/1.1" 200 512 "-" "Chrome/138.0"
104.26.10.78 - - [17/Jul/2026:21:51:47 +0530] "GET /../../etc/passwd HTTP/1.1" 403 512 "-" "curl/8.0"
151.101.1.69 - - [17/Jul/2026:02:40:53 +0530] "GET /images/logo.png HTTP/1.1" 200 512 "-" "Firefox/140.0"
1.1.1.1 - - [17/Jul/2026:22:55:07 +0530] "POST /contact HTTP/1.1" 200 512 "-" "Chrome/138.0"
104.26.10.78 - - [17/Jul/2026:23:19:47 +0530] "GET /products HTTP/1.1" 200 512 "-" "Firefox/140.0"
151.101.1.69 - - [17/Jul/2026:04:50:27 +0530] "GET /robots.txt HTTP/1.1" 403 512 "-" "wget/1.21"
104.26.10.78 - - [17/Jul/2026:15:09:06 +0530] "GET /phpinfo.php HTTP/1.1" 403 512 "-" "curl/8.0"
151.101.1.69 - - [17/Jul/2026:09:05:00 +0530] "POST /about HTTP/1.1" 200 512 "-" "Chrome/138.0"
103.21.244.1 - - [17/Jul/2026:04:56:13 +0530] "GET /phpinfo.php HTTP/1.1" 200 512 "-" "curl/8.0"
151.101.1.69 - - [17/Jul/2026:03:48:29 +0530] "GET /../../etc/passwd HTTP/1.1" 403 512 "-" "curl/8.0"
1.1.1.1 - - [17/Jul/2026:20:42:05 +0530] "GET /../../etc/passwd HTTP/1.1" 403 512 "-" "curl/8.0"
8.8.8.8 - - [17/Jul/2026:00:48:32 +0530] "GET /../../etc/passwd HTTP/1.1" 403 512 "-" "curl/8.0"
8.8.8.8 - - [17/Jul/2026:17:06:38 +0530] "GET /../../etc/passwd HTTP/1.1" 403 512 "-" "curl/8.0"
185.199.108.153 - - [17/Jul/2026:12:32:32 +0530] "GET /blog HTTP/1.1" 200 512 "-" "Firefox/140.0"
103.21.244.1 - - [17/Jul/2026:12:16:33 +0530] "GET /blog HTTP/1.1" 301 512 "-" "Firefox/140.0"
103.21.244.1 - - [17/Jul/2026:07:51:55 +0530] "GET /.env HTTP/1.1" 403 512 "-" "python-requests/2.31"
151.101.1.69 - - [17/Jul/2026:16:19:25 +0530] "GET /../../etc/passwd HTTP/1.1" 403 512 "-" "curl/8.0"
104.26.10.78 - - [17/Jul/2026:05:07:05 +0530] "GET /config.php HTTP/1.1" 403 512 "-" "python-requests/2.31"
45.33.32.156 - - [17/Jul/2026:17:45:28 +0530] "GET /products HTTP/1.1" 301 512 "-" "Mozilla/5.0"
8.8.8.8 - - [17/Jul/2026:14:48:44 +0530] "POST / HTTP/1.1" 301 512 "-" "Mozilla/5.0"
8.8.8.8 - - [17/Jul/2026:16:24:23 +0530] "GET /../../etc/passwd HTTP/1.1" 403 512 "-" "curl/8.0"
185.199.108.153 - - [17/Jul/2026:09:57:21 +0530] "GET /search?q=<script>alert(1)</script> HTTP/1.1" 200 512 "-" "Chrome/138.0"
1.1.1.1 - - [17/Jul/2026:08:22:13 +0530] "POST /products HTTP/1.1" 200 512 "-" "Mozilla/5.0"
8.8.8.8 - - [17/Jul/2026:14:05:51 +0530] "POST / HTTP/1.1" 301 512 "-" "Mozilla/5.0"
103.21.244.1 - - [17/Jul/2026:12:31:47 +0530] "GET /phpinfo.php HTTP/1.1" 403 512 "-" "curl/8.0"
151.101.1.69 - - [17/Jul/2026:19:37:23 +0530] "GET /sitemap.xml HTTP/1.1" 404 512 "-" "Nikto/2.5"
104.26.10.78 - - [17/Jul/2026:10:31:02 +0530] "GET /login HTTP/1.1" 401 512 "-" "Mozilla/5.0"
185.199.108.153 - - [17/Jul/2026:23:16:08 +0530] "POST / HTTP/1.1" 301 512 "-" "Firefox/140.0"
8.8.8.8 - - [17/Jul/2026:21:55:37 +0530] "POST /blog HTTP/1.1" 200 512 "-" "Chrome/138.0"
103.21.244.1 - - [17/Jul/2026:19:25:52 +0530] "GET /../../etc/passwd HTTP/1.1" 403 512 "-" "curl/8.0"
104.26.10.78 - - [17/Jul/2026:01:45:25 +0530] "GET /phpinfo.php HTTP/1.1" 403 512 "-" "python-requests/2.31"
104.26.10.78 - - [17/Jul/2026:13:18:21 +0530] "GET /blog HTTP/1.1" 301 512 "-" "Firefox/140.0"
185.199.108.153 - - [17/Jul/2026:15:30:21 +0530] "GET /robots.txt HTTP/1.1" 403 512 "-" "curl/8.0"
104.26.10.78 - - [17/Jul/2026:01:17:00 +0530] "GET /index.html HTTP/1.1" 200 512 "-" "Chrome/138.0"
103.21.244.1 - - [17/Jul/2026:23:54:22 +0530] "GET /../../etc/passwd HTTP/1.1" 403 512 "-" "curl/8.0"
1.1.1.1 - - [17/Jul/2026:10:01:04 +0530] "GET /config.php HTTP/1.1" 404 512 "-" "wget/1.21"
45.33.32.156 - - [17/Jul/2026:07:30:38 +0530] "GET /login HTTP/1.1" 401 512 "-" "Mozilla/5.0"
151.101.1.69 - - [17/Jul/2026:06:56:27 +0530] "GET /login HTTP/1.1" 401 512 "-" "Mozilla/5.0"
104.26.10.78 - - [17/Jul/2026:07:30:39 +0530] "GET /../../etc/passwd HTTP/1.1" 403 512 "-" "curl/8.0"
103.21.244.1 - - [17/Jul/2026:10:12:46 +0530] "POST /blog HTTP/1.1" 200 512 "-" "Chrome/138.0"
8.8.8.8 - - [17/Jul/2026:04:19:42 +0530] "GET /index.html HTTP/1.1" 200 512 "-" "Firefox/140.0"
151.101.1.69 - - [17/Jul/2026:16:03:00 +0530] "POST /blog HTTP/1.1" 200 512 "-" "Chrome/138.0"
185.199.108.153 - - [17/Jul/2026:15:22:21 +0530] "GET /blog HTTP/1.1" 200 512 "-" "Chrome/138.0"
45.33.32.156 - - [17/Jul/2026:07:08:48 +0530] "GET /products HTTP/1.1" 301 512 "-" "Mozilla/5.0"
45.33.32.156 - - [17/Jul/2026:21:08:11 +0530] "GET /contact HTTP/1.1" 200 512 "-" "Chrome/138.0"
8.8.8.8 - - [17/Jul/2026:20:42:03 +0530] "GET /../../etc/passwd HTTP/1.1" 403 512 "-" "curl/8.0"
8.8.8.8 - - [17/Jul/2026:18:23:29 +0530] "POST /images/logo.png HTTP/1.1" 200 512 "-" "Firefox/140.0"
8.8.8.8 - - [17/Jul/2026:00:29:27 +0530] "GET /config.php HTTP/1.1" 404 512 "-" "Nikto/2.5"
185.199.108.153 - - [17/Jul/2026:13:58:43 +0530] "POST / HTTP/1.1" 200 512 "-" "Firefox/140.0"
185.199.108.153 - - [17/Jul/2026:22:55:48 +0530] "POST /index.html HTTP/1.1" 200 512 "-" "Firefox/140.0"
185.199.108.153 - - [17/Jul/2026:10:21:21 +0530] "GET /contact HTTP/1.1" 200 512 "-" "Mozilla/5.0"
45.33.32.156 - - [17/Jul/2026:04:10:52 +0530] "POST /about HTTP/1.1" 200 512 "-" "Firefox/140.0"
104.26.10.78 - - [17/Jul/2026:04:02:21 +0530] "GET /login HTTP/1.1" 401 512 "-" "Mozilla/5.0"
1.1.1.1 - - [17/Jul/2026:14:12:37 +0530] "POST /contact HTTP/1.1" 200 512 "-" "Chrome/138.0"
104.26.10.78 - - [17/Jul/2026:23:07:31 +0530] "GET /index.html HTTP/1.1" 301 512 "-" "Mozilla/5.0"
151.101.1.69 - - [17/Jul/2026:14:46:15 +0530] "POST /blog HTTP/1.1" 200 512 "-" "Firefox/140.0"
1.1.1.1 - - [17/Jul/2026:14:00:51 +0530] "GET /about HTTP/1.1" 301 512 "-" "Chrome/138.0"
104.26.10.78 - - [17/Jul/2026:19:50:04 +0530] "POST /about HTTP/1.1" 200 512 "-" "Firefox/140.0"
103.21.244.1 - - [17/Jul/2026:07:11:45 +0530] "GET /robots.txt HTTP/1.1" 404 512 "-" "Nikto/2.5"
151.101.1.69 - - [17/Jul/2026:14:09:45 +0530] "GET /images/logo.png HTTP/1.1" 301 512 "-" "Chrome/138.0"
1.1.1.1 - - [17/Jul/2026:02:34:54 +0530] "GET / HTTP/1.1" 200 512 "-" "Firefox/140.0"
45.33.32.156 - - [17/Jul/2026:10:34:41 +0530] "GET /search?q=<script>alert(1)</script> HTTP/1.1" 200 512 "-" "Chrome/138.0"
1.1.1.1 - - [17/Jul/2026:07:57:13 +0530] "GET /login HTTP/1.1" 401 512 "-" "Mozilla/5.0"
1.1.1.1 - - [17/Jul/2026:12:32:32 +0530] "GET /search?q=<script>alert(1)</script> HTTP/1.1" 200 512 "-" "Chrome/138.0"
45.33.32.156 - - [17/Jul/2026:00:19:08 +0530] "POST /contact HTTP/1.1" 301 512 "-" "Firefox/140.0"
151.101.1.69 - - [17/Jul/2026:11:55:43 +0530] "GET /config.php HTTP/1.1" 403 512 "-" "Nikto/2.5"
1.1.1.1 - - [17/Jul/2026:19:42:38 +0530] "POST /products HTTP/1.1" 301 512 "-" "Mozilla/5.0"
1.1.1.1 - - [17/Jul/2026:00:17:50 +0530] "GET /search?q=<script>alert(1)</script> HTTP/1.1" 200 512 "-" "Chrome/138.0"
1.1.1.1 - - [17/Jul/2026:03:27:21 +0530] "GET /contact HTTP/1.1" 301 512 "-" "Firefox/140.0"
185.199.108.153 - - [17/Jul/2026:05:56:44 +0530] "POST /images/logo.png HTTP/1.1" 200 512 "-" "Chrome/138.0"
8.8.8.8 - - [17/Jul/2026:20:55:38 +0530] "GET /contact HTTP/1.1" 200 512 "-" "Firefox/140.0"
45.33.32.156 - - [17/Jul/2026:17:15:16 +0530] "GET /config.php HTTP/1.1" 404 512 "-" "Nikto/2.5"
45.33.32.156 - - [17/Jul/2026:06:50:37 +0530] "POST / HTTP/1.1" 200 512 "-" "Chrome/138.0"
185.199.108.153 - - [17/Jul/2026:08:46:39 +0530] "GET /../../etc/passwd HTTP/1.1" 403 512 "-" "curl/8.0"
185.199.108.153 - - [17/Jul/2026:07:52:31 +0530] "GET /login HTTP/1.1" 401 512 "-" "Mozilla/5.0"
185.199.108.153 - - [17/Jul/2026:10:07:12 +0530] "GET /config.php HTTP/1.1" 200 512 "-" "python-requests/2.31"
104.26.10.78 - - [17/Jul/2026:12:01:15 +0530] "GET /contact HTTP/1.1" 200 512 "-" "Chrome/138.0"
8.8.8.8 - - [17/Jul/2026:22:31:08 +0530] "GET /blog HTTP/1.1" 200 512 "-" "Chrome/138.0"
8.8.8.8 - - [17/Jul/2026:09:13:15 +0530] "GET /search?q=<script>alert(1)</script> HTTP/1.1" 200 512 "-" "Chrome/138.0"
185.199.108.153 - - [17/Jul/2026:06:14:46 +0530] "GET /sitemap.xml HTTP/1.1" 403 512 "-" "wget/1.21"
185.199.108.153 - - [17/Jul/2026:02:28:07 +0530] "GET /.env HTTP/1.1" 403 512 "-" "wget/1.21"
103.21.244.1 - - [17/Jul/2026:18:44:28 +0530] "POST /about HTTP/1.1" 301 512 "-" "Chrome/138.0"
8.8.8.8 - - [17/Jul/2026:05:12:52 +0530] "GET /blog HTTP/1.1" 200 512 "-" "Mozilla/5.0"
151.101.1.69 - - [17/Jul/2026:11:53:04 +0530] "GET /search?q=<script>alert(1)</script> HTTP/1.1" 200 512 "-" "Chrome/138.0"
45.33.32.156 - - [17/Jul/2026:16:47:56 +0530] "GET /index.html HTTP/1.1" 200 512 "-" "Mozilla/5.0"
151.101.1.69 - - [17/Jul/2026:02:29:09 +0530] "GET / HTTP/1.1" 200 512 "-" "Mozilla/5.0"
185.199.108.153 - - [17/Jul/2026:16:15:10 +0530] "POST /blog HTTP/1.1" 301 512 "-" "Firefox/140.0"
103.21.244.1 - - [17/Jul/2026:00:15:27 +0530] "POST /contact HTTP/1.1" 200 512 "-" "Mozilla/5.0"
104.26.10.78 - - [17/Jul/2026:10:39:25 +0530] "GET /about HTTP/1.1" 200 512 "-" "Firefox/140.0"
185.199.108.153 - - [17/Jul/2026:22:54:12 +0530] "GET /../../etc/passwd HTTP/1.1" 403 512 "-" "curl/8.0"
151.101.1.69 - - [17/Jul/2026:20:55:07 +0530] "POST /products HTTP/1.1" 200 512 "-" "Mozilla/5.0"
103.21.244.1 - - [17/Jul/2026:13:11:47 +0530] "POST /blog HTTP/1.1" 200 512 "-" "Chrome/138.0"
185.199.108.153 - - [17/Jul/2026:18:11:15 +0530] "GET /search?q=<script>alert(1)</script> HTTP/1.1" 200 512 "-" "Mozilla/5.0"
1.1.1.1 - - [17/Jul/2026:12:31:45 +0530] "GET /index.html HTTP/1.1" 200 512 "-" "Firefox/140.0"
8.8.8.8 - - [17/Jul/2026:07:45:56 +0530] "POST /blog HTTP/1.1" 200 512 "-" "Firefox/140.0"
104.26.10.78 - - [17/Jul/2026:22:50:06 +0530] "GET /../../etc/passwd HTTP/1.1" 403 512 "-" "curl/8.0"
104.26.10.78 - - [17/Jul/2026:20:15:23 +0530] "GET /search?q=<script>alert(1)</script> HTTP/1.1" 200 512 "-" "Firefox/140.0"
104.26.10.78 - - [17/Jul/2026:17:13:02 +0530] "POST /index.html HTTP/1.1" 200 512 "-" "Mozilla/5.0"
185.199.108.153 - - [17/Jul/2026:12:16:46 +0530] "GET /contact HTTP/1.1" 200 512 "-" "Firefox/140.0"
1.1.1.1 - - [17/Jul/2026:04:19:41 +0530] "GET /search?q=<script>alert(1)</script> HTTP/1.1" 200 512 "-" "Mozilla/5.0"
185.199.108.153 - - [17/Jul/2026:04:11:47 +0530] "POST / HTTP/1.1" 200 512 "-" "Firefox/140.0"
151.101.1.69 - - [17/Jul/2026:18:27:50 +0530] "POST /products HTTP/1.1" 301 512 "-" "Mozilla/5.0"
185.199.108.153 - - [17/Jul/2026:00:39:10 +0530] "POST /contact HTTP/1.1" 200 512 "-" "Firefox/140.0"
103.21.244.1 - - [17/Jul/2026:14:52:13 +0530] "GET /contact HTTP/1.1" 200 512 "-" "Firefox/140.0"
103.21.244.1 - - [17/Jul/2026:17:55:06 +0530] "POST /contact HTTP/1.1" 200 512 "-" "Firefox/140.0"
45.33.32.156 - - [17/Jul/2026:10:44:49 +0530] "POST /index.html HTTP/1.1" 200 512 "-" "Chrome/138.0"
151.101.1.69 - - [17/Jul/2026:03:49:11 +0530] "POST /index.html HTTP/1.1" 301 512 "-" "Mozilla/5.0"
185.199.108.153 - - [17/Jul/2026:14:32:01 +0530] "GET /login HTTP/1.1" 401 512 "-" "Mozilla/5.0"
8.8.8.8 - - [17/Jul/2026:14:07:37 +0530] "GET /../../etc/passwd HTTP/1.1" 403 512 "-" "curl/8.0"
1.1.1.1 - - [17/Jul/2026:05:43:11 +0530] "GET /search?q=<script>alert(1)</script> HTTP/1.1" 200 512 "-" "Mozilla/5.0"
45.33.32.156 - - [17/Jul/2026:00:16:29 +0530] "POST / HTTP/1.1" 200 512 "-" "Firefox/140.0"
151.101.1.69 - - [17/Jul/2026:16:45:46 +0530] "GET /phpinfo.php HTTP/1.1" 200 512 "-" "wget/1.21"
8.8.8.8 - - [17/Jul/2026:11:51:40 +0530] "POST /index.html HTTP/1.1" 301 512 "-" "Firefox/140.0"
104.26.10.78 - - [17/Jul/2026:00:42:59 +0530] "POST / HTTP/1.1" 200 512 "-" "Chrome/138.0"
151.101.1.69 - - [17/Jul/2026:19:18:37 +0530] "GET /config.php HTTP/1.1" 200 512 "-" "curl/8.0"
103.21.244.1 - - [17/Jul/2026:15:03:39 +0530] "GET / HTTP/1.1" 200 512 "-" "Firefox/140.0"
8.8.8.8 - - [17/Jul/2026:22:41:36 +0530] "GET /products HTTP/1.1" 200 512 "-" "Chrome/138.0"
104.26.10.78 - - [17/Jul/2026:17:09:22 +0530] "POST /about HTTP/1.1" 200 512 "-" "Firefox/140.0"
1.1.1.1 - - [17/Jul/2026:15:40:51 +0530] "GET /products HTTP/1.1" 200 512 "-" "Mozilla/5.0"
103.21.244.1 - - [17/Jul/2026:01:09:30 +0530] "GET /robots.txt HTTP/1.1" 200 512 "-" "curl/8.0"
151.101.1.69 - - [17/Jul/2026:03:13:37 +0530] "GET /search?q=<script>alert(1)</script> HTTP/1.1" 200 512 "-" "Mozilla/5.0"
1.1.1.1 - - [17/Jul/2026:11:18:06 +0530] "GET /../../etc/passwd HTTP/1.1" 403 512 "-" "curl/8.0"
151.101.1.69 - - [17/Jul/2026:02:25:20 +0530] "POST /index.html HTTP/1.1" 200 512 "-" "Firefox/140.0"
151.101.1.69 - - [17/Jul/2026:09:16:02 +0530] "GET / HTTP/1.1" 301 512 "-" "Mozilla/5.0"
1.1.1.1 - - [17/Jul/2026:18:56:14 +0530] "GET /.env HTTP/1.1" 404 512 "-" "Nikto/2.5"
8.8.8.8 - - [17/Jul/2026:13:39:24 +0530] "POST /images/logo.png HTTP/1.1" 200 512 "-" "Firefox/140.0"
185.199.108.153 - - [17/Jul/2026:00:23:11 +0530] "POST /blog HTTP/1.1" 200 512 "-" "Mozilla/5.0"
104.26.10.78 - - [17/Jul/2026:12:57:37 +0530] "GET /blog HTTP/1.1" 200 512 "-" "Mozilla/5.0"
1.1.1.1 - - [17/Jul/2026:16:29:52 +0530] "GET /products HTTP/1.1" 200 512 "-" "Firefox/140.0"
103.21.244.1 - - [17/Jul/2026:18:25:32 +0530] "POST /index.html HTTP/1.1" 200 512 "-" "Firefox/140.0"
45.33.32.156 - - [17/Jul/2026:05:30:21 +0530] "GET /blog HTTP/1.1" 200 512 "-" "Firefox/140.0"
8.8.8.8 - - [17/Jul/2026:16:39:39 +0530] "GET /images/logo.png HTTP/1.1" 200 512 "-" "Mozilla/5.0"
185.199.108.153 - - [17/Jul/2026:02:52:28 +0530] "GET /images/logo.png HTTP/1.1" 200 512 "-" "Mozilla/5.0"
1.1.1.1 - - [17/Jul/2026:04:44:14 +0530] "POST / HTTP/1.1" 200 512 "-" "Chrome/138.0"
8.8.8.8 - - [17/Jul/2026:16:11:27 +0530] "GET /search?q=<script>alert(1)</script> HTTP/1.1" 200 512 "-" "Firefox/140.0"
103.21.244.1 - - [17/Jul/2026:13:17:55 +0530] "GET /search?q=<script>alert(1)</script> HTTP/1.1" 200 512 "-" "Firefox/140.0"
1.1.1.1 - - [17/Jul/2026:04:36:37 +0530] "GET /../../etc/passwd HTTP/1.1" 403 512 "-" "curl/8.0"
1.1.1.1 - - [17/Jul/2026:10:23:13 +0530] "GET /config.php HTTP/1.1" 200 512 "-" "wget/1.21"
103.21.244.1 - - [17/Jul/2026:16:03:09 +0530] "GET /search?q=<script>alert(1)</script> HTTP/1.1" 200 512 "-" "Mozilla/5.0"
185.199.108.153 - - [17/Jul/2026:22:12:24 +0530] "GET /../../etc/passwd HTTP/1.1" 403 512 "-" "curl/8.0"
45.33.32.156 - - [17/Jul/2026:08:42:45 +0530] "POST / HTTP/1.1" 200 512 "-" "Chrome/138.0"
8.8.8.8 - - [17/Jul/2026:03:22:38 +0530] "GET /contact HTTP/1.1" 301 512 "-" "Firefox/140.0"
185.199.108.153 - - [17/Jul/2026:21:55:40 +0530] "GET /images/logo.png HTTP/1.1" 200 512 "-" "Chrome/138.0"
103.21.244.1 - - [17/Jul/2026:22:57:07 +0530] "POST /contact HTTP/1.1" 200 512 "-" "Chrome/138.0"
185.199.108.153 - - [17/Jul/2026:02:32:39 +0530] "GET /about HTTP/1.1" 200 512 "-" "Mozilla/5.0"
45.33.32.156 - - [17/Jul/2026:07:55:38 +0530] "GET /login HTTP/1.1" 401 512 "-" "Mozilla/5.0"
1.1.1.1 - - [17/Jul/2026:08:34:23 +0530] "POST /images/logo.png HTTP/1.1" 200 512 "-" "Chrome/138.0"
8.8.8.8 - - [17/Jul/2026:00:14:39 +0530] "POST /images/logo.png HTTP/1.1" 200 512 "-" "Chrome/138.0"
151.101.1.69 - - [17/Jul/2026:23:59:37 +0530] "GET /../../etc/passwd HTTP/1.1" 403 512 "-" "curl/8.0"
8.8.8.8 - - [17/Jul/2026:12:36:39 +0530] "POST / HTTP/1.1" 200 512 "-" "Mozilla/5.0"
45.33.32.156 - - [17/Jul/2026:21:58:43 +0530] "GET /search?q=<script>alert(1)</script> HTTP/1.1" 200 512 "-" "Firefox/140.0"
103.21.244.1 - - [17/Jul/2026:02:54:23 +0530] "GET / HTTP/1.1" 301 512 "-" "Mozilla/5.0"
45.33.32.156 - - [17/Jul/2026:03:44:29 +0530] "GET /../../etc/passwd HTTP/1.1" 403 512 "-" "curl/8.0"
8.8.8.8 - - [17/Jul/2026:02:04:04 +0530] "GET /contact HTTP/1.1" 200 512 "-" "Chrome/138.0"
8.8.8.8 - - [17/Jul/2026:13:42:28 +0530] "GET /../../etc/passwd HTTP/1.1" 403 512 "-" "curl/8.0"
45.33.32.156 - - [17/Jul/2026:00:36:20 +0530] "GET /search?q=<script>alert(1)</script> HTTP/1.1" 200 512 "-" "Chrome/138.0"
45.33.32.156 - - [17/Jul/2026:10:28:06 +0530] "GET /index.html HTTP/1.1" 200 512 "-" "Chrome/138.0"
103.21.244.1 - - [17/Jul/2026:03:21:47 +0530] "GET /contact HTTP/1.1" 200 512 "-" "Mozilla/5.0"
151.101.1.69 - - [17/Jul/2026:04:44:18 +0530] "GET /contact HTTP/1.1" 200 512 "-" "Firefox/140.0"
151.101.1.69 - - [17/Jul/2026:08:03:06 +0530] "GET /phpinfo.php HTTP/1.1" 404 512 "-" "wget/1.21"
151.101.1.69 - - [17/Jul/2026:06:17:32 +0530] "GET /about HTTP/1.1" 200 512 "-" "Chrome/138.0"
103.21.244.1 - - [17/Jul/2026:12:43:36 +0530] "POST /index.html HTTP/1.1" 200 512 "-" "Firefox/140.0"
185.199.108.153 - - [17/Jul/2026:19:14:04 +0530] "GET /search?q=<script>alert(1)</script> HTTP/1.1" 200 512 "-" "Chrome/138.0"
8.8.8.8 - - [17/Jul/2026:03:42:10 +0530] "GET /about HTTP/1.1" 200 512 "-" "Chrome/138.0"
185.199.108.153 - - [17/Jul/2026:23:33:25 +0530] "GET /login HTTP/1.1" 401 512 "-" "Mozilla/5.0"
45.33.32.156 - - [17/Jul/2026:04:12:45 +0530] "POST /index.html HTTP/1.1" 200 512 "-" "Mozilla/5.0"
8.8.8.8 - - [17/Jul/2026:05:22:23 +0530] "GET /products HTTP/1.1" 301 512 "-" "Mozilla/5.0"
45.33.32.156 - - [17/Jul/2026:18:19:32 +0530] "GET /../../etc/passwd HTTP/1.1" 403 512 "-" "curl/8.0"
8.8.8.8 - - [17/Jul/2026:02:30:11 +0530] "GET /search?q=<script>alert(1)</script> HTTP/1.1" 200 512 "-" "Firefox/140.0"
45.33.32.156 - - [17/Jul/2026:22:49:25 +0530] "GET /search?q=<script>alert(1)</script> HTTP/1.1" 200 512 "-" "Mozilla/5.0"
185.199.108.153 - - [17/Jul/2026:07:09:26 +0530] "GET / HTTP/1.1" 200 512 "-" "Firefox/140.0"
104.26.10.78 - - [17/Jul/2026:07:31:27 +0530] "GET /sitemap.xml HTTP/1.1" 404 512 "-" "Nikto/2.5"
185.199.108.153 - - [17/Jul/2026:12:40:46 +0530] "GET /search?q=<script>alert(1)</script> HTTP/1.1" 200 512 "-" "Chrome/138.0"
45.33.32.156 - - [17/Jul/2026:09:39:49 +0530] "GET /search?q=<script>alert(1)</script> HTTP/1.1" 200 512 "-" "Chrome/138.0"
103.21.244.1 - - [17/Jul/2026:02:58:47 +0530] "POST /about HTTP/1.1" 200 512 "-" "Firefox/140.0"
185.199.108.153 - - [17/Jul/2026:11:35:50 +0530] "POST /images/logo.png HTTP/1.1" 200 512 "-" "Firefox/140.0"
8.8.8.8 - - [17/Jul/2026:07:35:46 +0530] "POST /about HTTP/1.1" 200 512 "-" "Chrome/138.0"
103.21.244.1 - - [17/Jul/2026:21:46:29 +0530] "POST /contact HTTP/1.1" 200 512 "-" "Mozilla/5.0"
151.101.1.69 - - [17/Jul/2026:07:27:33 +0530] "GET /about HTTP/1.1" 200 512 "-" "Firefox/140.0"
104.26.10.78 - - [17/Jul/2026:17:59:56 +0530] "POST / HTTP/1.1" 200 512 "-" "Chrome/138.0"
151.101.1.69 - - [17/Jul/2026:04:17:17 +0530] "GET /search?q=<script>alert(1)</script> HTTP/1.1" 200 512 "-" "Mozilla/5.0"
103.21.244.1 - - [17/Jul/2026:17:09:42 +0530] "GET /products HTTP/1.1" 200 512 "-" "Chrome/138.0"
103.21.244.1 - - [17/Jul/2026:16:17:22 +0530] "GET /products HTTP/1.1" 200 512 "-" "Chrome/138.0"
45.33.32.156 - - [17/Jul/2026:05:34:02 +0530] "GET /search?q=<script>alert(1)</script> HTTP/1.1" 200 512 "-" "Firefox/140.0"
151.101.1.69 - - [17/Jul/2026:06:04:18 +0530] "GET /products HTTP/1.1" 200 512 "-" "Mozilla/5.0"
104.26.10.78 - - [17/Jul/2026:22:20:09 +0530] "GET /login HTTP/1.1" 401 512 "-" "Mozilla/5.0"
185.199.108.153 - - [17/Jul/2026:18:08:32 +0530] "GET /search?q=<script>alert(1)</script> HTTP/1.1" 200 512 "-" "Mozilla/5.0"
45.33.32.156 - - [17/Jul/2026:16:52:02 +0530] "GET /index.html HTTP/1.1" 301 512 "-" "Mozilla/5.0"
104.26.10.78 - - [17/Jul/2026:21:38:13 +0530] "GET /products HTTP/1.1" 200 512 "-" "Firefox/140.0"
151.101.1.69 - - [17/Jul/2026:23:16:13 +0530] "GET /search?q=<script>alert(1)</script> HTTP/1.1" 200 512 "-" "Chrome/138.0"
8.8.8.8 - - [17/Jul/2026:14:36:04 +0530] "GET /../../etc/passwd HTTP/1.1" 403 512 "-" "curl/8.0"
104.26.10.78 - - [17/Jul/2026:12:13:02 +0530] "GET /search?q=<script>alert(1)</script> HTTP/1.1" 200 512 "-" "Mozilla/5.0"
103.21.244.1 - - [17/Jul/2026:07:26:22 +0530] "GET /login HTTP/1.1" 401 512 "-" "Mozilla/5.0"
151.101.1.69 - - [17/Jul/2026:03:26:07 +0530] "GET /blog HTTP/1.1" 301 512 "-" "Firefox/140.0"
8.8.8.8 - - [17/Jul/2026:00:42:48 +0530] "GET /../../etc/passwd HTTP/1.1" 403 512 "-" "curl/8.0"
103.21.244.1 - - [17/Jul/2026:08:03:26 +0530] "GET /phpinfo.php HTTP/1.1" 200 512 "-" "curl/8.0"
45.33.32.156 - - [17/Jul/2026:18:20:18 +0530] "GET /.env HTTP/1.1" 403 512 "-" "curl/8.0"
8.8.8.8 - - [17/Jul/2026:23:07:30 +0530] "GET /login HTTP/1.1" 401 512 "-" "Mozilla/5.0"
45.33.32.156 - - [17/Jul/2026:20:48:17 +0530] "GET /../../etc/passwd HTTP/1.1" 403 512 "-" "curl/8.0"
104.26.10.78 - - [17/Jul/2026:22:56:04 +0530] "GET /../../etc/passwd HTTP/1.1" 403 512 "-" "curl/8.0"
1.1.1.1 - - [17/Jul/2026:17:02:58 +0530] "GET /search?q=<script>alert(1)</script> HTTP/1.1" 200 512 "-" "Chrome/138.0"
103.21.244.1 - - [17/Jul/2026:09:27:33 +0530] "POST /about HTTP/1.1" 200 512 "-" "Mozilla/5.0"
151.101.1.69 - - [17/Jul/2026:09:50:20 +0530] "GET /index.html HTTP/1.1" 200 512 "-" "Chrome/138.0"
103.21.244.1 - - [17/Jul/2026:20:18:00 +0530] "GET /search?q=<script>alert(1)</script> HTTP/1.1" 200 512 "-" "Chrome/138.0"
104.26.10.78 - - [17/Jul/2026:11:56:33 +0530] "GET /../../etc/passwd HTTP/1.1" 403 512 "-" "curl/8.0"
1.1.1.1 - - [17/Jul/2026:22:52:00 +0530] "GET /images/logo.png HTTP/1.1" 200 512 "-" "Chrome/138.0"
1.1.1.1 - - [17/Jul/2026:23:45:14 +0530] "POST /index.html HTTP/1.1" 200 512 "-" "Firefox/140.0"
45.33.32.156 - - [17/Jul/2026:21:37:29 +0530] "POST /contact HTTP/1.1" 200 512 "-" "Firefox/140.0"
104.26.10.78 - - [17/Jul/2026:15:32:58 +0530] "GET /blog HTTP/1.1" 200 512 "-" "Firefox/140.0"
8.8.8.8 - - [17/Jul/2026:11:35:59 +0530] "POST /index.html HTTP/1.1" 200 512 "-" "Chrome/138.0"
8.8.8.8 - - [17/Jul/2026:01:25:08 +0530] "GET /../../etc/passwd HTTP/1.1" 403 512 "-" "curl/8.0"
185.199.108.153 - - [17/Jul/2026:19:55:07 +0530] "GET /search?q=<script>alert(1)</script> HTTP/1.1" 200 512 "-" "Mozilla/5.0"
185.199.108.153 - - [17/Jul/2026:13:20:16 +0530] "POST / HTTP/1.1" 200 512 "-" "Mozilla/5.0"
8.8.8.8 - - [17/Jul/2026:00:32:58 +0530] "GET /blog HTTP/1.1" 200 512 "-" "Chrome/138.0"
45.33.32.156 - - [17/Jul/2026:14:24:43 +0530] "POST /index.html HTTP/1.1" 200 512 "-" "Firefox/140.0"
45.33.32.156 - - [17/Jul/2026:19:17:02 +0530] "POST /blog HTTP/1.1" 200 512 "-" "Firefox/140.0"
151.101.1.69 - - [17/Jul/2026:04:10:02 +0530] "GET /search?q=<script>alert(1)</script> HTTP/1.1" 200 512 "-" "Chrome/138.0"
185.199.108.153 - - [17/Jul/2026:18:23:45 +0530] "POST /products HTTP/1.1" 301 512 "-" "Firefox/140.0"
8.8.8.8 - - [17/Jul/2026:22:22:33 +0530] "GET /products HTTP/1.1" 301 512 "-" "Firefox/140.0"
45.33.32.156 - - [17/Jul/2026:22:32:55 +0530] "GET /contact HTTP/1.1" 301 512 "-" "Firefox/140.0"
185.199.108.153 - - [17/Jul/2026:06:24:02 +0530] "GET /products HTTP/1.1" 200 512 "-" "Mozilla/5.0"
8.8.8.8 - - [17/Jul/2026:06:45:37 +0530] "POST /images/logo.png HTTP/1.1" 200 512 "-" "Mozilla/5.0"
8.8.8.8 - - [17/Jul/2026:21:00:14 +0530] "GET /sitemap.xml HTTP/1.1" 404 512 "-" "Nikto/2.5"
8.8.8.8 - - [17/Jul/2026:02:58:44 +0530] "POST /products HTTP/1.1" 200 512 "-" "Chrome/138.0"
151.101.1.69 - - [17/Jul/2026:02:31:05 +0530] "GET /products HTTP/1.1" 200 512 "-" "Mozilla/5.0"
185.199.108.153 - - [17/Jul/2026:21:06:01 +0530] "GET /blog HTTP/1.1" 301 512 "-" "Mozilla/5.0"
103.21.244.1 - - [17/Jul/2026:01:01:32 +0530] "GET /../../etc/passwd HTTP/1.1" 403 512 "-" "curl/8.0"
185.199.108.153 - - [17/Jul/2026:10:07:12 +0530] "GET /images/logo.png HTTP/1.1" 200 512 "-" "Mozilla/5.0"
45.33.32.156 - - [17/Jul/2026:16:37:43 +0530] "GET /phpinfo.php HTTP/1.1" 403 512 "-" "python-requests/2.31"
1.1.1.1 - - [17/Jul/2026:05:23:29 +0530] "POST /contact HTTP/1.1" 200 512 "-" "Chrome/138.0"
185.199.108.153 - - [17/Jul/2026:02:03:13 +0530] "POST /index.html HTTP/1.1" 301 512 "-" "Mozilla/5.0"
45.33.32.156 - - [17/Jul/2026:01:27:15 +0530] "GET /products HTTP/1.1" 200 512 "-" "Mozilla/5.0"
45.33.32.156 - - [17/Jul/2026:20:01:52 +0530] "POST /blog HTTP/1.1" 200 512 "-" "Chrome/138.0"
1.1.1.1 - - [17/Jul/2026:08:14:32 +0530] "GET /contact HTTP/1.1" 200 512 "-" "Mozilla/5.0"
45.33.32.156 - - [17/Jul/2026:04:52:15 +0530] "POST / HTTP/1.1" 200 512 "-" "Chrome/138.0"
1.1.1.1 - - [17/Jul/2026:06:49:18 +0530] "GET /robots.txt HTTP/1.1" 200 512 "-" "Nikto/2.5"
185.199.108.153 - - [17/Jul/2026:14:55:44 +0530] "GET /config.php HTTP/1.1" 403 512 "-" "Nikto/2.5"
103.21.244.1 - - [17/Jul/2026:13:45:26 +0530] "GET /about HTTP/1.1" 200 512 "-" "Mozilla/5.0"
151.101.1.69 - - [17/Jul/2026:17:50:16 +0530] "POST /blog HTTP/1.1" 200 512 "-" "Firefox/140.0"
1.1.1.1 - - [17/Jul/2026:20:27:54 +0530] "GET /index.html HTTP/1.1" 200 512 "-" "Firefox/140.0"
103.21.244.1 - - [17/Jul/2026:17:06:01 +0530] "POST /blog HTTP/1.1" 200 512 "-" "Mozilla/5.0"
1.1.1.1 - - [17/Jul/2026:15:20:11 +0530] "GET /products HTTP/1.1" 200 512 "-" "Chrome/138.0"
1.1.1.1 - - [17/Jul/2026:07:30:44 +0530] "POST / HTTP/1.1" 301 512 "-" "Firefox/140.0"
45.33.32.156 - - [17/Jul/2026:23:01:22 +0530] "POST /contact HTTP/1.1" 200 512 "-" "Chrome/138.0"
103.21.244.1 - - [17/Jul/2026:14:31:40 +0530] "GET /about HTTP/1.1" 200 512 "-" "Chrome/138.0"
8.8.8.8 - - [17/Jul/2026:16:18:06 +0530] "GET /config.php HTTP/1.1" 404 512 "-" "wget/1.21"
103.21.244.1 - - [17/Jul/2026:01:55:18 +0530] "POST /blog HTTP/1.1" 200 512 "-" "Mozilla/5.0"
103.21.244.1 - - [17/Jul/2026:20:48:18 +0530] "GET /contact HTTP/1.1" 200 512 "-" "Chrome/138.0"
1.1.1.1 - - [17/Jul/2026:11:00:46 +0530] "GET /search?q=<script>alert(1)</script> HTTP/1.1" 200 512 "-" "Firefox/140.0"
185.199.108.153 - - [17/Jul/2026:06:27:34 +0530] "GET /../../etc/passwd HTTP/1.1" 403 512 "-" "curl/8.0"
103.21.244.1 - - [17/Jul/2026:02:38:28 +0530] "POST /index.html HTTP/1.1" 301 512 "-" "Chrome/138.0"
185.199.108.153 - - [17/Jul/2026:19:09:15 +0530] "POST /blog HTTP/1.1" 301 512 "-" "Mozilla/5.0"
8.8.8.8 - - [17/Jul/2026:17:08:52 +0530] "POST /blog HTTP/1.1" 200 512 "-" "Mozilla/5.0"
185.199.108.153 - - [17/Jul/2026:11:19:21 +0530] "POST /contact HTTP/1.1" 301 512 "-" "Firefox/140.0"
8.8.8.8 - - [17/Jul/2026:02:23:22 +0530] "POST /blog HTTP/1.1" 200 512 "-" "Mozilla/5.0"
45.33.32.156 - - [17/Jul/2026:11:08:50 +0530] "GET /search?q=<script>alert(1)</script> HTTP/1.1" 200 512 "-" "Firefox/140.0"
45.33.32.156 - - [17/Jul/2026:11:22:45 +0530] "POST /about HTTP/1.1" 200 512 "-" "Mozilla/5.0"
1.1.1.1 - - [17/Jul/2026:10:51:22 +0530] "GET /search?q=<script>alert(1)</script> HTTP/1.1" 200 512 "-" "Chrome/138.0"
45.33.32.156 - - [17/Jul/2026:02:32:24 +0530] "GET /../../etc/passwd HTTP/1.1" 403 512 "-" "curl/8.0"
104.26.10.78 - - [17/Jul/2026:12:39:54 +0530] "POST /about HTTP/1.1" 301 512 "-" "Chrome/138.0"
151.101.1.69 - - [17/Jul/2026:01:10:53 +0530] "GET /search?q=<script>alert(1)</script> HTTP/1.1" 200 512 "-" "Mozilla/5.0"
45.33.32.156 - - [17/Jul/2026:15:16:52 +0530] "GET /about HTTP/1.1" 200 512 "-" "Firefox/140.0"
103.21.244.1 - - [17/Jul/2026:14:50:55 +0530] "GET /blog HTTP/1.1" 200 512 "-" "Mozilla/5.0"
151.101.1.69 - - [17/Jul/2026:06:01:22 +0530] "GET /index.html HTTP/1.1" 301 512 "-" "Firefox/140.0"
104.26.10.78 - - [17/Jul/2026:11:20:12 +0530] "GET /products HTTP/1.1" 301 512 "-" "Mozilla/5.0"
1.1.1.1 - - [17/Jul/2026:06:48:08 +0530] "GET /contact HTTP/1.1" 301 512 "-" "Mozilla/5.0"
1.1.1.1 - - [17/Jul/2026:20:01:04 +0530] "GET /contact HTTP/1.1" 301 512 "-" "Chrome/138.0"
1.1.1.1 - - [17/Jul/2026:18:53:39 +0530] "GET /../../etc/passwd HTTP/1.1" 403 512 "-" "curl/8.0"
185.199.108.153 - - [17/Jul/2026:03:44:20 +0530] "GET /search?q=<script>alert(1)</script> HTTP/1.1" 200 512 "-" "Firefox/140.0"
104.26.10.78 - - [17/Jul/2026:00:35:02 +0530] "GET /products HTTP/1.1" 200 512 "-" "Mozilla/5.0"
45.33.32.156 - - [17/Jul/2026:18:57:21 +0530] "GET /robots.txt HTTP/1.1" 403 512 "-" "wget/1.21"
103.21.244.1 - - [17/Jul/2026:20:26:13 +0530] "GET /../../etc/passwd HTTP/1.1" 403 512 "-" "curl/8.0"
1.1.1.1 - - [17/Jul/2026:03:53:06 +0530] "GET /../../etc/passwd HTTP/1.1" 403 512 "-" "curl/8.0"
103.21.244.1 - - [17/Jul/2026:18:23:59 +0530] "GET /search?q=<script>alert(1)</script> HTTP/1.1" 200 512 "-" "Mozilla/5.0"
185.199.108.153 - - [17/Jul/2026:15:30:02 +0530] "GET /search?q=<script>alert(1)</script> HTTP/1.1" 200 512 "-" "Chrome/138.0"
104.26.10.78 - - [17/Jul/2026:09:37:32 +0530] "GET /products HTTP/1.1" 200 512 "-" "Firefox/140.0"
45.33.32.156 - - [17/Jul/2026:14:31:28 +0530] "GET /robots.txt HTTP/1.1" 200 512 "-" "python-requests/2.31"
185.199.108.153 - - [17/Jul/2026:06:43:54 +0530] "GET /robots.txt HTTP/1.1" 404 512 "-" "wget/1.21"
1.1.1.1 - - [17/Jul/2026:06:01:07 +0530] "POST /contact HTTP/1.1" 200 512 "-" "Mozilla/5.0"
185.199.108.153 - - [17/Jul/2026:05:38:26 +0530] "GET /blog HTTP/1.1" 200 512 "-" "Firefox/140.0"
103.21.244.1 - - [17/Jul/2026:09:27:22 +0530] "GET /images/logo.png HTTP/1.1" 200 512 "-" "Chrome/138.0"
1.1.1.1 - - [17/Jul/2026:11:23:32 +0530] "GET /blog HTTP/1.1" 200 512 "-" "Mozilla/5.0"
8.8.8.8 - - [17/Jul/2026:12:21:59 +0530] "GET /products HTTP/1.1" 200 512 "-" "Firefox/140.0"
45.33.32.156 - - [17/Jul/2026:11:50:05 +0530] "GET /../../etc/passwd HTTP/1.1" 403 512 "-" "curl/8.0"
151.101.1.69 - - [17/Jul/2026:17:19:23 +0530] "GET /products HTTP/1.1" 200 512 "-" "Firefox/140.0"
151.101.1.69 - - [17/Jul/2026:15:56:44 +0530] "GET /contact HTTP/1.1" 200 512 "-" "Chrome/138.0"
8.8.8.8 - - [17/Jul/2026:22:50:47 +0530] "GET /config.php HTTP/1.1" 200 512 "-" "curl/8.0"
103.21.244.1 - - [17/Jul/2026:14:41:32 +0530] "POST /products HTTP/1.1" 301 512 "-" "Firefox/140.0"
8.8.8.8 - - [17/Jul/2026:18:46:21 +0530] "GET /../../etc/passwd HTTP/1.1" 403 512 "-" "curl/8.0"
8.8.8.8 - - [17/Jul/2026:17:22:18 +0530] "POST /contact HTTP/1.1" 301 512 "-" "Mozilla/5.0"
104.26.10.78 - - [17/Jul/2026:16:38:39 +0530] "GET /search?q=<script>alert(1)</script> HTTP/1.1" 200 512 "-" "Chrome/138.0"
8.8.8.8 - - [17/Jul/2026:15:08:41 +0530] "GET /search?q=<script>alert(1)</script> HTTP/1.1" 200 512 "-" "Chrome/138.0"
8.8.8.8 - - [17/Jul/2026:09:33:44 +0530] "GET /.env HTTP/1.1" 403 512 "-" "python-requests/2.31"
45.33.32.156 - - [17/Jul/2026:20:49:02 +0530] "GET /search?q=<script>alert(1)</script> HTTP/1.1" 200 512 "-" "Firefox/140.0"
8.8.8.8 - - [17/Jul/2026:09:31:15 +0530] "GET /../../etc/passwd HTTP/1.1" 403 512 "-" "curl/8.0"
151.101.1.69 - - [17/Jul/2026:23:22:48 +0530] "POST / HTTP/1.1" 200 512 "-" "Chrome/138.0"
8.8.8.8 - - [17/Jul/2026:00:19:38 +0530] "GET /.env HTTP/1.1" 200 512 "-" "wget/1.21"
8.8.8.8 - - [17/Jul/2026:02:56:25 +0530] "GET /index.html HTTP/1.1" 200 512 "-" "Mozilla/5.0"
185.199.108.153 - - [17/Jul/2026:07:49:37 +0530] "GET /config.php HTTP/1.1" 404 512 "-" "Nikto/2.5"
8.8.8.8 - - [17/Jul/2026:04:36:50 +0530] "GET /phpinfo.php HTTP/1.1" 403 512 "-" "Nikto/2.5"
185.199.108.153 - - [17/Jul/2026:11:12:55 +0530] "POST /about HTTP/1.1" 200 512 "-" "Firefox/140.0"
103.21.244.1 - - [17/Jul/2026:00:30:25 +0530] "GET /about HTTP/1.1" 301 512 "-" "Chrome/138.0"
104.26.10.78 - - [17/Jul/2026:13:05:30 +0530] "GET /products HTTP/1.1" 200 512 "-" "Mozilla/5.0"
103.21.244.1 - - [17/Jul/2026:14:48:13 +0530] "GET /products HTTP/1.1" 200 512 "-" "Mozilla/5.0"
45.33.32.156 - - [17/Jul/2026:01:18:02 +0530] "GET /search?q=<script>alert(1)</script> HTTP/1.1" 200 512 "-" "Chrome/138.0"
185.199.108.153 - - [17/Jul/2026:19:50:07 +0530] "GET /phpinfo.php HTTP/1.1" 404 512 "-" "Nikto/2.5"
104.26.10.78 - - [17/Jul/2026:16:52:58 +0530] "GET /products HTTP/1.1" 200 512 "-" "Chrome/138.0"
185.199.108.153 - - [17/Jul/2026:20:01:40 +0530] "GET /about HTTP/1.1" 200 512 "-" "Mozilla/5.0"
1.1.1.1 - - [17/Jul/2026:03:13:11 +0530] "POST /images/logo.png HTTP/1.1" 200 512 "-" "Mozilla/5.0"
104.26.10.78 - - [17/Jul/2026:04:21:09 +0530] "GET /../../etc/passwd HTTP/1.1" 403 512 "-" "curl/8.0"
45.33.32.156 - - [17/Jul/2026:07:03:44 +0530] "GET /../../etc/passwd HTTP/1.1" 403 512 "-" "curl/8.0"
104.26.10.78 - - [17/Jul/2026:02:00:28 +0530] "POST /index.html HTTP/1.1" 301 512 "-" "Firefox/140.0"
45.33.32.156 - - [17/Jul/2026:21:26:31 +0530] "GET /contact HTTP/1.1" 200 512 "-" "Chrome/138.0"
8.8.8.8 - - [17/Jul/2026:00:54:53 +0530] "GET /index.html HTTP/1.1" 200 512 "-" "Mozilla/5.0"
151.101.1.69 - - [17/Jul/2026:14:38:17 +0530] "POST /products HTTP/1.1" 200 512 "-" "Firefox/140.0"
185.199.108.153 - - [17/Jul/2026:03:49:27 +0530] "GET /../../etc/passwd HTTP/1.1" 403 512 "-" "curl/8.0"
104.26.10.78 - - [17/Jul/2026:08:17:50 +0530] "GET /index.html HTTP/1.1" 200 512 "-" "Mozilla/5.0"
45.33.32.156 - - [17/Jul/2026:07:33:03 +0530] "GET /search?q=<script>alert(1)</script> HTTP/1.1" 200 512 "-" "Firefox/140.0"
185.199.108.153 - - [17/Jul/2026:14:37:41 +0530] "GET / HTTP/1.1" 200 512 "-" "Mozilla/5.0"
8.8.8.8 - - [17/Jul/2026:13:11:02 +0530] "GET /../../etc/passwd HTTP/1.1" 403 512 "-" "curl/8.0"
45.33.32.156 - - [17/Jul/2026:01:55:13 +0530] "GET /.env HTTP/1.1" 403 512 "-" "wget/1.21"
103.21.244.1 - - [17/Jul/2026:17:08:00 +0530] "GET /search?q=<script>alert(1)</script> HTTP/1.1" 200 512 "-" "Chrome/138.0"
185.199.108.153 - - [17/Jul/2026:02:57:29 +0530] "GET /search?q=<script>alert(1)</script> HTTP/1.1" 200 512 "-" "Chrome/138.0"
8.8.8.8 - - [17/Jul/2026:03:38:42 +0530] "GET /login HTTP/1.1" 401 512 "-" "Mozilla/5.0"
103.21.244.1 - - [17/Jul/2026:18:52:33 +0530] "GET /../../etc/passwd HTTP/1.1" 403 512 "-" "curl/8.0"
185.199.108.153 - - [17/Jul/2026:10:23:39 +0530] "GET /search?q=<script>alert(1)</script> HTTP/1.1" 200 512 "-" "Mozilla/5.0"
45.33.32.156 - - [17/Jul/2026:17:11:59 +0530] "POST /contact HTTP/1.1" 200 512 "-" "Firefox/140.0"
103.21.244.1 - - [17/Jul/2026:14:01:01 +0530] "GET /search?q=<script>alert(1)</script> HTTP/1.1" 200 512 "-" "Chrome/138.0"
151.101.1.69 - - [17/Jul/2026:18:41:35 +0530] "GET /search?q=<script>alert(1)</script> HTTP/1.1" 200 512 "-" "Firefox/140.0"
45.33.32.156 - - [17/Jul/2026:13:28:51 +0530] "GET /about HTTP/1.1" 200 512 "-" "Chrome/138.0"
103.21.244.1 - - [17/Jul/2026:04:23:14 +0530] "GET /blog HTTP/1.1" 200 512 "-" "Chrome/138.0"
104.26.10.78 - - [17/Jul/2026:09:26:45 +0530] "GET /contact HTTP/1.1" 200 512 "-" "Chrome/138.0"
45.33.32.156 - - [17/Jul/2026:13:52:29 +0530] "GET /.env HTTP/1.1" 200 512 "-" "wget/1.21"
1.1.1.1 - - [17/Jul/2026:07:30:13 +0530] "GET /search?q=<script>alert(1)</script> HTTP/1.1" 200 512 "-" "Mozilla/5.0"
